ProblemType: Bug
ApportVersion: 2.20.11-0ubuntu27.18
Architecture: amd64
CasperMD5CheckMismatches: ./pool/main/l/linux-hwe-5.11/linux-modules-extra-5.11.0-27-generic_5.11.0-27.29~20.04.1_amd64.deb
CasperMD5CheckResult: fail
CasperVersion: 1.445.1
CrashDB: {'impl': 'launchpad', 'project': 'subiquity'}
CurrentDmesg:
 [    0.000000] microcode: microcode updated early to revision 0xea, date = 2021-01-05
 [    0.000000] Linux version 5.4.0-81-generic (buildd@lgw01-amd64-052) (gcc version 9.3.0 (Ubuntu 9.3.0-17ubuntu1~20.04)) #91-Ubuntu SMP Thu Jul 15 19:09:17 UTC 2021 (Ubuntu 5.4.0-81.91-generic 5.4.128)
 [    0.000000] Command line: BOOT_IMAGE=/casper/vmlinuz persistent ---
 [    0.000000] KERNEL supported cpus:
 [    0.000000]   Intel GenuineIntel
 [    0.000000]   AMD AuthenticAMD
 [    0.000000]   Hygon HygonGenuine
 [    0.000000]   Centaur CentaurHauls
 [    0.000000]   zhaoxin   Shanghai  
 [    0.000000] x86/fpu: Supporting XSAVE feature 0x001: 'x87 floating point registers'
 [    0.000000] x86/fpu: Supporting XSAVE feature 0x002: 'SSE registers'
 [    0.000000] x86/fpu: Supporting XSAVE feature 0x004: 'AVX registers'
 [    0.000000] x86/fpu: Supporting XSAVE feature 0x008: 'MPX bounds registers'
 [    0.000000] x86/fpu: Supporting XSAVE feature 0x010: 'MPX CSR'
 [    0.000000] x86/fpu: xstate_offset[2]:  576, xstate_sizes[2]:  256
 [    0.000000] x86/fpu: xstate_offset[3]:  832, xstate_sizes[3]:   64
 [    0.000000] x86/fpu: xstate_offset[4]:  896, xstate_sizes[4]:   64
 [    0.000000] x86/fpu: Enabled xstate features 0x1f, context size is 960 bytes, using 'compacted' format.
 [    0.000000] BIOS-provided physical RAM map:
 [    0.000000] BIOS-e820: [mem 0x0000000000000000-0x000000000009efff] usable
 [    0.000000] BIOS-e820: [mem 0x000000000009f000-0x00000000000fffff] reserved
 [    0.000000] BIOS-e820: [mem 0x0000000000100000-0x00000000953b5fff] usable
 [    0.000000] BIOS-e820: [mem 0x00000000953b6000-0x0000000096ea2fff] reserved
 [    0.000000] BIOS-e820: [mem 0x0000000096ea3000-0x0000000096f54fff] ACPI data
 [    0.000000] BIOS-e820: [mem 0x0000000096f55000-0x00000000973b6fff] ACPI NVS
 [    0.000000] BIOS-e820: [mem 0x00000000973b7000-0x0000000097c0efff] reserved
 [    0.000000] BIOS-e820: [mem 0x0000000097c0f000-0x0000000097c0ffff] usable
 [    0.000000] BIOS-e820: [mem 0x0000000097c10000-0x000000009f7fffff] reserved
 [    0.000000] BIOS-e820: [mem 0x00000000f0000000-0x00000000f7ffffff] reserved
 [    0.000000] BIOS-e820: [mem 0x00000000fe000000-0x00000000fe010fff] reserved
 [    0.000000] BIOS-e820: [mem 0x00000000fec00000-0x00000000fec00fff] reserved
 [    0.000000] BIOS-e820: [mem 0x00000000fed00000-0x00000000fed03fff] reserved
 [    0.000000] BIOS-e820: [mem 0x00000000fee00000-0x00000000fee00fff] reserved
 [    0.000000] BIOS-e820: [mem 0x00000000ff000000-0x00000000ffffffff] reserved
 [    0.000000] BIOS-e820: [mem 0x0000000100000000-0x000000025e7fffff] usable
 [    0.000000] NX (Execute Disable) protection: active
 [    0.000000] e820: update [mem 0x8ac61018-0x8ac71e57] usable ==> usable
 [    0.000000] e820: update [mem 0x8ac61018-0x8ac71e57] usable ==> usable
 [    0.000000] extended physical RAM map:
 [    0.000000] reserve setup_data: [mem 0x0000000000000000-0x000000000009efff] usable
 [    0.000000] reserve setup_data: [mem 0x000000000009f000-0x00000000000fffff] reserved
 [    0.000000] reserve setup_data: [mem 0x0000000000100000-0x000000008ac61017] usable
 [    0.000000] reserve setup_data: [mem 0x000000008ac61018-0x000000008ac71e57] usable
 [    0.000000] reserve setup_data: [mem 0x000000008ac71e58-0x00000000953b5fff] usable
 [    0.000000] reserve setup_data: [mem 0x00000000953b6000-0x0000000096ea2fff] reserved
 [    0.000000] reserve setup_data: [mem 0x0000000096ea3000-0x0000000096f54fff] ACPI data
 [    0.000000] reserve setup_data: [mem 0x0000000096f55000-0x00000000973b6fff] ACPI NVS
 [    0.000000] reserve setup_data: [mem 0x00000000973b7000-0x0000000097c0efff] reserved
 [    0.000000] reserve setup_data: [mem 0x0000000097c0f000-0x0000000097c0ffff] usable
 [    0.000000] reserve setup_data: [mem 0x0000000097c10000-0x000000009f7fffff] reserved
 [    0.000000] reserve setup_data: [mem 0x00000000f0000000-0x00000000f7ffffff] reserved
 [    0.000000] reserve setup_data: [mem 0x00000000fe000000-0x00000000fe010fff] reserved
 [    0.000000] reserve setup_data: [mem 0x00000000fec00000-0x00000000fec00fff] reserved
 [    0.000000] reserve setup_data: [mem 0x00000000fed00000-0x00000000fed03fff] reserved
 [    0.000000] reserve setup_data: [mem 0x00000000fee00000-0x00000000fee00fff] reserved
 [    0.000000] reserve setup_data: [mem 0x00000000ff000000-0x00000000ffffffff] reserved
 [    0.000000] reserve setup_data: [mem 0x0000000100000000-0x000000025e7fffff] usable
 [    0.000000] efi: EFI v2.70 by American Megatrends
 [    0.000000] efi:  ACPI 2.0=0x96ec6000  ACPI=0x96ec6000  TPMFinalLog=0x9734f000  SMBIOS=0x978b4000  SMBIOS 3.0=0x978b3000  MEMATTR=0x91b0a018  ESRT=0x9379e018  TPMEventLog=0x8ac72018 
 [    0.000000] secureboot: Secure boot enabled
 [    0.000000] Kernel is locked down from EFI Secure Boot mode; see man kernel_lockdown.7
 [    0.000000] SMBIOS 3.2.1 present.
 [    0.000000] DMI: LENOVO 10T700AJMC/312D, BIOS M1UKT4EA 12/16/2019
 [    0.000000] tsc: Detected 1800.000 MHz processor
 [    0.000458] e820: update [mem 0x00000000-0x00000fff] usable ==> reserved
 [    0.000460] e820: remove [mem 0x000a0000-0x000fffff] usable
 [    0.000469] last_pfn = 0x25e800 max_arch_pfn = 0x400000000
 [    0.000474] MTRR default type: write-back
 [    0.000475] MTRR fixed ranges enabled:
 [    0.000477]   00000-9FFFF write-back
 [    0.000478]   A0000-BFFFF uncachable
 [    0.000479]   C0000-FFFFF write-back
 [    0.000480] MTRR variable ranges enabled:
 [    0.000482]   0 base 00C0000000 mask 7FC0000000 uncachable
 [    0.000484]   1 base 00A0000000 mask 7FE0000000 uncachable
 [    0.000485]   2 base 009C000000 mask 7FFC000000 uncachable
 [    0.000486]   3 base 009A000000 mask 7FFE000000 uncachable
 [    0.000487]   4 base 0099000000 mask 7FFF000000 uncachable
 [    0.000488]   5 base 2000000000 mask 6000000000 uncachable
 [    0.000489]   6 base 1000000000 mask 7000000000 uncachable
 [    0.000490]   7 base 0800000000 mask 7800000000 uncachable
 [    0.000491]   8 base 0400000000 mask 7C00000000 uncachable
 [    0.000492]   9 base 4000000000 mask 4000000000 uncachable
 [    0.000932] x86/PAT: Configuration [0-7]: WB  WC  UC- UC  WB  WP  UC- WT  
 [    0.001515] last_pfn = 0x97c10 max_arch_pfn = 0x400000000
 [    0.013610] esrt: Reserving ESRT space from 0x000000009379e018 to 0x000000009379e078.
 [    0.013616] e820: update [mem 0x9379e000-0x9379efff] usable ==> reserved
 [    0.013638] check: Scanning 1 areas for low memory corruption
 [    0.013644] Using GB pages for direct mapping
 [    0.014291] secureboot: Secure boot enabled
 [    0.014293] RAMDISK: [mem 0x3adf5000-0x3fffdfff]
 [    0.014302] ACPI: Early table checksum verification disabled
 [    0.014307] ACPI: RSDP 0x0000000096EC6000 000024 (v02 LENOVO)
 [    0.014311] ACPI: XSDT 0x0000000096EC60B8 0000F4 (v01 LENOVO TC-M1U   000014E0 AMI  00010013)
 [    0.014319] ACPI: FACP 0x0000000096F10E10 000114 (v06 LENOVO TC-M1U   000014E0 AMI  00010013)
 [    0.014327] ACPI: DSDT 0x0000000096EC6240 04ABCD (v02 LENOVO TC-M1U   000014E0 INTL 20160527)
 [    0.014331] ACPI: FACS 0x00000000973B4080 000040
 [    0.014335] ACPI: APIC 0x0000000096F10F28 0000A0 (v04 LENOVO TC-M1U   000014E0 AMI  00010013)
 [    0.014339] ACPI: FPDT 0x0000000096F10FC8 000044 (v01 LENOVO TC-M1U   000014E0 AMI  00010013)
 [    0.014343] ACPI: FIDT 0x0000000096F11010 00009C (v01 LENOVO TC-M1U   000014E0 AMI  00010013)
 [    0.014347] ACPI: MCFG 0x0000000096F110B0 00003C (v01 LENOVO TC-M1U   000014E0 MSFT 00000097)
 [    0.014351] ACPI: SSDT 0x0000000096F110F0 001B5A (v02 LENOVO TC-M1U   000014E0 INTL 20160527)
 [    0.014355] ACPI: SLIC 0x0000000096F12C50 000176 (v01 LENOVO TC-M1U   000014E0 AMI  00010013)
 [    0.014359] ACPI: MSDM 0x0000000096F12DC8 000055 (v03 LENOVO TC-M1U   000014E0 AMI  00010013)
 [    0.014363] ACPI: SSDT 0x0000000096F12E20 0031C6 (v02 LENOVO TC-M1U   000014E0 INTL 20160527)
 [    0.014367] ACPI: HPET 0x0000000096F15FE8 000038 (v01 LENOVO TC-M1U   000014E0      01000013)
 [    0.014372] ACPI: SSDT 0x0000000096F16020 001C01 (v02 LENOVO TC-M1U   000014E0 INTL 20160527)
 [    0.014376] ACPI: SSDT 0x0000000096F17C28 000FAE (v02 LENOVO TC-M1U   000014E0 INTL 20160527)
 [    0.014380] ACPI: UEFI 0x0000000096F18BD8 000042 (v01 LENOVO TC-M1U   000014E0      01000013)
 [    0.014384] ACPI: LPIT 0x0000000096F18C20 00005C (v01 LENOVO TC-M1U   000014E0      01000013)
 [    0.014388] ACPI: SSDT 0x0000000096F18C80 0027DE (v02 LENOVO TC-M1U   000014E0 INTL 20160527)
 [    0.014391] ACPI: SSDT 0x0000000096F1B460 0014E2 (v02 LENOVO TC-M1U   000014E0 INTL 20160527)
 [    0.014395] ACPI: DBGP 0x0000000096F1C948 000034 (v01 LENOVO TC-M1U   000014E0      01000013)
 [    0.014399] ACPI: DBG2 0x0000000096F1C980 000054 (v00 LENOVO TC-M1U   000014E0      01000013)
 [    0.014403] ACPI: SSDT 0x0000000096F1C9D8 001B67 (v02 LENOVO TC-M1U   000014E0 INTL 20160527)
 [    0.014407] ACPI: DMAR 0x0000000096F1E540 0000A8 (v01 LENOVO TC-M1U   000014E0      01000013)
 [    0.014411] ACPI: SSDT 0x0000000096F1E5E8 000144 (v02 LENOVO TC-M1U   000014E0 INTL 20160527)
 [    0.014415] ACPI: NHLT 0x0000000096F1E730 001783 (v00 LENOVO TC-M1U   000014E0      01000013)
 [    0.014419] ACPI: TPM2 0x0000000096F1FEB8 000034 (v04 LENOVO TC-M1U   000014E0 AMI  00000000)
 [    0.014423] ACPI: LUFT 0x0000000096F1FEF0 0349E2 (v01 LENOVO TC-M1U   000014E0 AMI  00010013)
 [    0.014427] ACPI: WSMT 0x0000000096F548D8 000028 (v01 LENOVO TC-M1U   000014E0 AMI  00010013)
 [    0.014431] ACPI: BGRT 0x0000000096F54900 000038 (v01 LENOVO TC-M1U   000014E0 AMI  00010013)
 [    0.014436] ACPI: Reserving FACP table memory at [mem 0x96f10e10-0x96f10f23]
 [    0.014438] ACPI: Reserving DSDT table memory at [mem 0x96ec6240-0x96f10e0c]
 [    0.014439] ACPI: Reserving FACS table memory at [mem 0x973b4080-0x973b40bf]
 [    0.014441] ACPI: Reserving APIC table memory at [mem 0x96f10f28-0x96f10fc7]
 [    0.014442] ACPI: Reserving FPDT table memory at [mem 0x96f10fc8-0x96f1100b]
 [    0.014444] ACPI: Reserving FIDT table memory at [mem 0x96f11010-0x96f110ab]
 [    0.014445] ACPI: Reserving MCFG table memory at [mem 0x96f110b0-0x96f110eb]
 [    0.014447] ACPI: Reserving SSDT table memory at [mem 0x96f110f0-0x96f12c49]
 [    0.014448] ACPI: Reserving SLIC table memory at [mem 0x96f12c50-0x96f12dc5]
 [    0.014450] ACPI: Reserving MSDM table memory at [mem 0x96f12dc8-0x96f12e1c]
 [    0.014451] ACPI: Reserving SSDT table memory at [mem 0x96f12e20-0x96f15fe5]
 [    0.014453] ACPI: Reserving HPET table memory at [mem 0x96f15fe8-0x96f1601f]
 [    0.014454] ACPI: Reserving SSDT table memory at [mem 0x96f16020-0x96f17c20]
 [    0.014456] ACPI: Reserving SSDT table memory at [mem 0x96f17c28-0x96f18bd5]
 [    0.014458] ACPI: Reserving UEFI table memory at [mem 0x96f18bd8-0x96f18c19]
 [    0.014459] ACPI: Reserving LPIT table memory at [mem 0x96f18c20-0x96f18c7b]
 [    0.014461] ACPI: Reserving SSDT table memory at [mem 0x96f18c80-0x96f1b45d]
 [    0.014462] ACPI: Reserving SSDT table memory at [mem 0x96f1b460-0x96f1c941]
 [    0.014464] ACPI: Reserving DBGP table memory at [mem 0x96f1c948-0x96f1c97b]
 [    0.014465] ACPI: Reserving DBG2 table memory at [mem 0x96f1c980-0x96f1c9d3]
 [    0.014467] ACPI: Reserving SSDT table memory at [mem 0x96f1c9d8-0x96f1e53e]
 [    0.014469] ACPI: Reserving DMAR table memory at [mem 0x96f1e540-0x96f1e5e7]
 [    0.014470] ACPI: Reserving SSDT table memory at [mem 0x96f1e5e8-0x96f1e72b]
 [    0.014472] ACPI: Reserving NHLT table memory at [mem 0x96f1e730-0x96f1feb2]
 [    0.014473] ACPI: Reserving TPM2 table memory at [mem 0x96f1feb8-0x96f1feeb]
 [    0.014475] ACPI: Reserving LUFT table memory at [mem 0x96f1fef0-0x96f548d1]
 [    0.014477] ACPI: Reserving WSMT table memory at [mem 0x96f548d8-0x96f548ff]
 [    0.014478] ACPI: Reserving BGRT table memory at [mem 0x96f54900-0x96f54937]
 [    0.014502] ACPI: Local APIC address 0xfee00000
 [    0.014768] No NUMA configuration found
 [    0.014770] Faking a node at [mem 0x0000000000000000-0x000000025e7fffff]
 [    0.014783] NODE_DATA(0) allocated [mem 0x25e7d5000-0x25e7fffff]
 [    0.015159] Zone ranges:
 [    0.015160]   DMA      [mem 0x0000000000001000-0x0000000000ffffff]
 [    0.015163]   DMA32    [mem 0x0000000001000000-0x00000000ffffffff]
 [    0.015164]   Normal   [mem 0x0000000100000000-0x000000025e7fffff]
 [    0.015166]   Device   empty
 [    0.015167] Movable zone start for each node
 [    0.015172] Early memory node ranges
 [    0.015174]   node   0: [mem 0x0000000000001000-0x000000000009efff]
 [    0.015176]   node   0: [mem 0x0000000000100000-0x00000000953b5fff]
 [    0.015177]   node   0: [mem 0x0000000097c0f000-0x0000000097c0ffff]
 [    0.015179]   node   0: [mem 0x0000000100000000-0x000000025e7fffff]
 [    0.015346] Zeroed struct page in unavailable ranges: 17579 pages
 [    0.015348] Initmem setup node 0 [mem 0x0000000000001000-0x000000025e7fffff]
 [    0.015351] On node 0 totalpages: 2046805
 [    0.015352]   DMA zone: 64 pages used for memmap
 [    0.015353]   DMA zone: 278 pages reserved
 [    0.015354]   DMA zone: 3998 pages, LIFO batch:0
 [    0.015421]   DMA32 zone: 9487 pages used for memmap
 [    0.015422]   DMA32 zone: 607159 pages, LIFO batch:63
 [    0.028665]   Normal zone: 22432 pages used for memmap
 [    0.028666]   Normal zone: 1435648 pages, LIFO batch:63
 [    0.051004] Reserving Intel graphics memory at [mem 0x99800000-0x9f7fffff]
 [    0.051231] ACPI: PM-Timer IO Port: 0x1808
 [    0.051234] ACPI: Local APIC address 0xfee00000
 [    0.051243] ACPI: LAPIC_NMI (acpi_id[0x01] high edge lint[0x1])
 [    0.051244] ACPI: LAPIC_NMI (acpi_id[0x02] high edge lint[0x1])
 [    0.051246] ACPI: LAPIC_NMI (acpi_id[0x03] high edge lint[0x1])
 [    0.051247] ACPI: LAPIC_NMI (acpi_id[0x04] high edge lint[0x1])
 [    0.051248] ACPI: LAPIC_NMI (acpi_id[0x05] high edge lint[0x1])
 [    0.051249] ACPI: LAPIC_NMI (acpi_id[0x06] high edge lint[0x1])
 [    0.051306] IOAPIC[0]: apic_id 2, version 32, address 0xfec00000, GSI 0-119
 [    0.051309] ACPI: INT_SRC_OVR (bus 0 bus_irq 0 global_irq 2 dfl dfl)
 [    0.051312] ACPI: INT_SRC_OVR (bus 0 bus_irq 9 global_irq 9 high level)
 [    0.051314] ACPI: IRQ0 used by override.
 [    0.051315] ACPI: IRQ9 used by override.
 [    0.051318] Using ACPI (MADT) for SMP configuration information
 [    0.051321] ACPI: HPET id: 0x8086a201 base: 0xfed00000
 [    0.051331] e820: update [mem 0x916f3000-0x9173bfff] usable ==> reserved
 [    0.051342] TSC deadline timer available
 [    0.051344] smpboot: Allowing 6 CPUs, 0 hotplug CPUs
 [    0.051370] PM: Registered nosave memory: [mem 0x00000000-0x00000fff]
 [    0.051373] PM: Registered nosave memory: [mem 0x0009f000-0x000fffff]
 [    0.051375] PM: Registered nosave memory: [mem 0x8ac61000-0x8ac61fff]
 [    0.051378] PM: Registered nosave memory: [mem 0x8ac71000-0x8ac71fff]
 [    0.051381] PM: Registered nosave memory: [mem 0x916f3000-0x9173bfff]
 [    0.051383] PM: Registered nosave memory: [mem 0x9379e000-0x9379efff]
 [    0.051386] PM: Registered nosave memory: [mem 0x953b6000-0x96ea2fff]
 [    0.051387] PM: Registered nosave memory: [mem 0x96ea3000-0x96f54fff]
 [    0.051388] PM: Registered nosave memory: [mem 0x96f55000-0x973b6fff]
 [    0.051390] PM: Registered nosave memory: [mem 0x973b7000-0x97c0efff]
 [    0.051392] PM: Registered nosave memory: [mem 0x97c10000-0x9f7fffff]
 [    0.051393] PM: Registered nosave memory: [mem 0x9f800000-0xefffffff]
 [    0.051395] PM: Registered nosave memory: [mem 0xf0000000-0xf7ffffff]
 [    0.051396] PM: Registered nosave memory: [mem 0xf8000000-0xfdffffff]
 [    0.051397] PM: Registered nosave memory: [mem 0xfe000000-0xfe010fff]
 [    0.051398] PM: Registered nosave memory: [mem 0xfe011000-0xfebfffff]
 [    0.051399] PM: Registered nosave memory: [mem 0xfec00000-0xfec00fff]
 [    0.051400] PM: Registered nosave memory: [mem 0xfec01000-0xfecfffff]
 [    0.051401] PM: Registered nosave memory: [mem 0xfed00000-0xfed03fff]
 [    0.051402] PM: Registered nosave memory: [mem 0xfed04000-0xfedfffff]
 [    0.051403] PM: Registered nosave memory: [mem 0xfee00000-0xfee00fff]
 [    0.051404] PM: Registered nosave memory: [mem 0xfee01000-0xfeffffff]
 [    0.051405] PM: Registered nosave memory: [mem 0xff000000-0xffffffff]
 [    0.051408] [mem 0x9f800000-0xefffffff] available for PCI devices
 [    0.051410] Booting paravirtualized kernel on bare hardware
 [    0.051413] clocksource: refined-jiffies: mask: 0xffffffff max_cycles: 0xffffffff, max_idle_ns: 7645519600211568 ns
 [    0.051423] setup_percpu: NR_CPUS:8192 nr_cpumask_bits:6 nr_cpu_ids:6 nr_node_ids:1
 [    0.051677] percpu: Embedded 55 pages/cpu s188416 r8192 d28672 u262144
 [    0.051687] pcpu-alloc: s188416 r8192 d28672 u262144 alloc=1*2097152
 [    0.051688] pcpu-alloc: [0] 0 1 2 3 4 5 - - 
 [    0.051729] Built 1 zonelists, mobility grouping on.  Total pages: 2014544
 [    0.051730] Policy zone: Normal
 [    0.051732] Kernel command line: BOOT_IMAGE=/casper/vmlinuz persistent ---
 [    0.052471] Dentry cache hash table entries: 1048576 (order: 11, 8388608 bytes, linear)
 [    0.052810] Inode-cache hash table entries: 524288 (order: 10, 4194304 bytes, linear)
 [    0.052895] mem auto-init: stack:off, heap alloc:on, heap free:off
 [    0.058150] Calgary: detecting Calgary via BIOS EBDA area
 [    0.058152] Calgary: Unable to locate Rio Grande table in EBDA - bailing!
 [    0.080813] Memory: 7796252K/8187220K available (14339K kernel code, 2400K rwdata, 5016K rodata, 2736K init, 4964K bss, 390968K reserved, 0K cma-reserved)
 [    0.080821] random: get_random_u64 called from kmem_cache_open+0x2d/0x410 with crng_init=0
 [    0.081012] SLUB: HWalign=64, Order=0-3, MinObjects=0, CPUs=6, Nodes=1
 [    0.081034] Kernel/User page tables isolation: enabled
 [    0.081051] ftrace: allocating 44600 entries in 175 pages
 [    0.106112] rcu: Hierarchical RCU implementation.
 [    0.106114] rcu: 	RCU restricting CPUs from NR_CPUS=8192 to nr_cpu_ids=6.
 [    0.106116] 	Tasks RCU enabled.
 [    0.106117] rcu: RCU calculated value of scheduler-enlistment delay is 25 jiffies.
 [    0.106118] rcu: Adjusting geometry for rcu_fanout_leaf=16, nr_cpu_ids=6
 [    0.110188] NR_IRQS: 524544, nr_irqs: 1536, preallocated irqs: 16
 [    0.110945] random: crng done (trusting CPU's manufacturer)
 [    0.110981] Console: colour dummy device 80x25
 [    0.111407] printk: console [tty0] enabled
 [    0.111434] ACPI: Core revision 20190816
 [    0.112230] clocksource: hpet: mask: 0xffffffff max_cycles: 0xffffffff, max_idle_ns: 79635855245 ns
 [    0.112349] APIC: Switch to symmetric I/O mode setup
 [    0.112353] DMAR: Host address width 39
 [    0.112356] DMAR: DRHD base: 0x000000fed90000 flags: 0x0
 [    0.112365] DMAR: dmar0: reg_base_addr fed90000 ver 1:0 cap 1c0000c40660462 ecap 19e2ff0505e
 [    0.112369] DMAR: DRHD base: 0x000000fed91000 flags: 0x1
 [    0.112376] DMAR: dmar1: reg_base_addr fed91000 ver 1:0 cap d2008c40660462 ecap f050da
 [    0.112380] DMAR: RMRR base: 0x00000095c4c000 end: 0x00000095c6bfff
 [    0.112383] DMAR: RMRR base: 0x00000099000000 end: 0x0000009f7fffff
 [    0.112387] DMAR-IR: IOAPIC id 2 under DRHD base  0xfed91000 IOMMU 1
 [    0.112389] DMAR-IR: HPET id 0 under DRHD base 0xfed91000
 [    0.112392] DMAR-IR: Queued invalidation will be enabled to support x2apic and Intr-remapping.
 [    0.114880] DMAR-IR: Enabled IRQ remapping in x2apic mode
 [    0.114885] x2apic enabled
 [    0.114918] Switched APIC routing to cluster x2apic.
 [    0.122164] ..TIMER: vector=0x30 apic1=0 pin1=2 apic2=-1 pin2=-1
 [    0.140304] clocksource: tsc-early: mask: 0xffffffffffffffff max_cycles: 0x19f2297dd97, max_idle_ns: 440795236593 ns
 [    0.140313] Calibrating delay loop (skipped), value calculated using timer frequency.. 3600.00 BogoMIPS (lpj=7200000)
 [    0.140319] pid_max: default: 32768 minimum: 301
 [    0.144226] LSM: Security Framework initializing
 [    0.144242] Yama: becoming mindful.
 [    0.144287] AppArmor: AppArmor initialized
 [    0.144363] Mount-cache hash table entries: 16384 (order: 5, 131072 bytes, linear)
 [    0.144383] Mountpoint-cache hash table entries: 16384 (order: 5, 131072 bytes, linear)
 [    0.144406] *** VALIDATE tmpfs ***
 [    0.144606] *** VALIDATE proc ***
 [    0.144671] *** VALIDATE cgroup1 ***
 [    0.144675] *** VALIDATE cgroup2 ***
 [    0.144767] mce: CPU0: Thermal monitoring enabled (TM1)
 [    0.144810] process: using mwait in idle threads
 [    0.144815] Last level iTLB entries: 4KB 128, 2MB 8, 4MB 8
 [    0.144818] Last level dTLB entries: 4KB 64, 2MB 0, 4MB 0, 1GB 4
 [    0.144823] Spectre V1 : Mitigation: usercopy/swapgs barriers and __user pointer sanitization
 [    0.144827] Spectre V2 : Mitigation: Full generic retpoline
 [    0.144830] Spectre V2 : Spectre v2 / SpectreRSB mitigation: Filling RSB on context switch
 [    0.144833] Spectre V2 : Enabling Restricted Speculation for firmware calls
 [    0.144837] Spectre V2 : mitigation: Enabling conditional Indirect Branch Prediction Barrier
 [    0.144841] Speculative Store Bypass: Mitigation: Speculative Store Bypass disabled via prctl and seccomp
 [    0.144852] SRBDS: Mitigation: Microcode
 [    0.144854] MDS: Mitigation: Clear CPU buffers
 [    0.145218] Freeing SMP alternatives memory: 40K
 [    0.148310] smpboot: CPU0: Intel(R) Core(TM) i5-9400T CPU @ 1.80GHz (family: 0x6, model: 0x9e, stepping: 0xa)
 [    0.148310] Performance Events: PEBS fmt3+, Skylake events, 32-deep LBR, full-width counters, Intel PMU driver.
 [    0.148310] ... version:                4
 [    0.148310] ... bit width:              48
 [    0.148310] ... generic registers:      8
 [    0.148310] ... value mask:             0000ffffffffffff
 [    0.148310] ... max period:             00007fffffffffff
 [    0.148310] ... fixed-purpose events:   3
 [    0.148310] ... event mask:             00000007000000ff
 [    0.148310] rcu: Hierarchical SRCU implementation.
 [    0.148310] NMI watchdog: Enabled. Permanently consumes one hw-PMU counter.
 [    0.148310] smp: Bringing up secondary CPUs ...
 [    0.148310] x86: Booting SMP configuration:
 [    0.148310] .... node  #0, CPUs:      #1 #2 #3 #4 #5
 [    0.163528] smp: Brought up 1 node, 6 CPUs
 [    0.163528] smpboot: Max logical packages: 1
 [    0.163528] smpboot: Total of 6 processors activated (21600.00 BogoMIPS)
 [    0.164606] devtmpfs: initialized
 [    0.164606] x86/mm: Memory block size: 128MB
 [    0.165352] PM: Registering ACPI NVS region [mem 0x96f55000-0x973b6fff] (4595712 bytes)
 [    0.165352] clocksource: jiffies: mask: 0xffffffff max_cycles: 0xffffffff, max_idle_ns: 7645041785100000 ns
 [    0.165352] futex hash table entries: 2048 (order: 5, 131072 bytes, linear)
 [    0.165352] pinctrl core: initialized pinctrl subsystem
 [    0.165352] PM: RTC time: 19:18:24, date: 2022-03-13
 [    0.165352] NET: Registered protocol family 16
 [    0.165352] audit: initializing netlink subsys (disabled)
 [    0.165352] audit: type=2000 audit(1647199104.048:1): state=initialized audit_enabled=0 res=1
 [    0.165352] EISA bus registered
 [    0.165352] cpuidle: using governor ladder
 [    0.165352] cpuidle: using governor menu
 [    0.165352] ACPI: bus type PCI registered
 [    0.165352] acpiphp: ACPI Hot Plug PCI Controller Driver version: 0.5
 [    0.165352] PCI: MMCONFIG for domain 0000 [bus 00-7f] at [mem 0xf0000000-0xf7ffffff] (base 0xf0000000)
 [    0.165352] PCI: MMCONFIG at [mem 0xf0000000-0xf7ffffff] reserved in E820
 [    0.165352] PCI: Using configuration type 1 for base access
 [    0.165352] ENERGY_PERF_BIAS: Set to 'normal', was 'performance'
 [    0.169662] HugeTLB registered 1.00 GiB page size, pre-allocated 0 pages
 [    0.169662] HugeTLB registered 2.00 MiB page size, pre-allocated 0 pages
 [    0.169662] fbcon: Taking over console
 [    0.169662] ACPI: Added _OSI(Module Device)
 [    0.169662] ACPI: Added _OSI(Processor Device)
 [    0.169662] ACPI: Added _OSI(3.0 _SCP Extensions)
 [    0.169662] ACPI: Added _OSI(Processor Aggregator Device)
 [    0.169662] ACPI: Added _OSI(Linux-Dell-Video)
 [    0.169662] ACPI: Added _OSI(Linux-Lenovo-NV-HDMI-Audio)
 [    0.169662] ACPI: Added _OSI(Linux-HPI-Hybrid-Graphics)
 [    0.281749] ACPI: 9 ACPI AML tables successfully acquired and loaded
 [    0.294911] ACPI: Dynamic OEM Table Load:
 [    0.294922] ACPI: SSDT 0xFFFF96B194B5B900 0000F4 (v02 PmRef  Cpu0Psd  00003000 INTL 20160527)
 [    0.297612] ACPI: \_SB_.PR00: _OSC native thermal LVT Acked
 [    0.301121] ACPI: Dynamic OEM Table Load:
 [    0.301132] ACPI: SSDT 0xFFFF96B194B5F800 000400 (v02 PmRef  Cpu0Cst  00003001 INTL 20160527)
 [    0.304018] ACPI: Dynamic OEM Table Load:
 [    0.304028] ACPI: SSDT 0xFFFF96B194B5EC00 0003F5 (v02 PmRef  Cpu0Ist  00003000 INTL 20160527)
 [    0.307018] ACPI: Dynamic OEM Table Load:
 [    0.307027] ACPI: SSDT 0xFFFF96B19454A800 00011B (v02 PmRef  Cpu0Hwp  00003000 INTL 20160527)
 [    0.309749] ACPI: Dynamic OEM Table Load:
 [    0.309760] ACPI: SSDT 0xFFFF96B194EA1000 000724 (v02 PmRef  HwpLvt   00003000 INTL 20160527)
 [    0.313050] ACPI: Dynamic OEM Table Load:
 [    0.313061] ACPI: SSDT 0xFFFF96B194EA5000 0005FC (v02 PmRef  ApIst    00003000 INTL 20160527)
 [    0.316130] ACPI: Dynamic OEM Table Load:
 [    0.316139] ACPI: SSDT 0xFFFF96B194B5F400 000317 (v02 PmRef  ApHwp    00003000 INTL 20160527)
 [    0.319247] ACPI: Dynamic OEM Table Load:
 [    0.319259] ACPI: SSDT 0xFFFF96B194EF0000 000AB0 (v02 PmRef  ApPsd    00003000 INTL 20160527)
 [    0.323414] ACPI: Dynamic OEM Table Load:
 [    0.323425] ACPI: SSDT 0xFFFF96B194B5E800 00030A (v02 PmRef  ApCst    00003000 INTL 20160527)
 [    0.334385] ACPI: Interpreter enabled
 [    0.334462] ACPI: (supports S0 S3 S4 S5)
 [    0.334465] ACPI: Using IOAPIC for interrupt routing
 [    0.334534] PCI: Using host bridge windows from ACPI; if necessary, use "pci=nocrs" and report a bug
 [    0.337284] ACPI: Enabled 8 GPEs in block 00 to 7F
 [    0.351539] ACPI: Power Resource [WRST] (on)
 [    0.352148] ACPI: Power Resource [DRST] (on)
 [    0.366771] ACPI: Power Resource [USBC] (on)
 [    0.367088] ACPI: Power Resource [PAUD] (on)
 [    0.372917] ACPI: Power Resource [SPR0] (off)
 [    0.373684] ACPI: Power Resource [V0PR] (on)
 [    0.374566] ACPI: Power Resource [V1PR] (on)
 [    0.375429] ACPI: Power Resource [V2PR] (on)
 [    0.381068] ACPI: Power Resource [PXTC] (on)
 [    0.387814] ACPI: Power Resource [WRST] (on)
 [    0.398204] ACPI: Power Resource [FN00] (off)
 [    0.398377] ACPI: Power Resource [FN01] (off)
 [    0.398545] ACPI: Power Resource [FN02] (off)
 [    0.398716] ACPI: Power Resource [FN03] (off)
 [    0.398881] ACPI: Power Resource [FN04] (off)
 [    0.400200] ACPI: Power Resource [PIN] (off)
 [    0.400617] ACPI: [Firmware Bug]: BIOS _OSI(Linux) query ignored
 [    0.400878] ACPI: Power Resource [SPR1] (off)
 [    0.401000] ACPI: Power Resource [SPR2] (off)
 [    0.401123] ACPI: Power Resource [SPR3] (off)
 [    0.401237] ACPI: Power Resource [SPR5] (off)
 [    0.401822] ACPI: Power Resource [ZPDR] (off)
 [    0.402452] ACPI: PCI Root Bridge [PCI0] (domain 0000 [bus 00-7e])
 [    0.402463] acpi PNP0A08:00: _OSC: OS supports [ExtendedConfig ASPM ClockPM Segments MSI HPX-Type3]
 [    0.407726] acpi PNP0A08:00: _OSC: OS now controls [PCIeHotplug SHPCHotplug PME AER PCIeCapability LTR]
 [    0.409327] PCI host bridge to bus 0000:00
 [    0.409332] pci_bus 0000:00: root bus resource [io  0x0000-0x0cf7 window]
 [    0.409336] pci_bus 0000:00: root bus resource [io  0x0d00-0xffff window]
 [    0.409340] pci_bus 0000:00: root bus resource [mem 0x000a0000-0x000bffff window]
 [    0.409343] pci_bus 0000:00: root bus resource [mem 0x000e0000-0x000e3fff window]
 [    0.409347] pci_bus 0000:00: root bus resource [mem 0x000e4000-0x000e7fff window]
 [    0.409351] pci_bus 0000:00: root bus resource [mem 0x000e8000-0x000ebfff window]
 [    0.409354] pci_bus 0000:00: root bus resource [mem 0x000ec000-0x000effff window]
 [    0.409358] pci_bus 0000:00: root bus resource [mem 0x9f800000-0xefffffff window]
 [    0.409362] pci_bus 0000:00: root bus resource [mem 0xfc800000-0xfe7fffff window]
 [    0.409366] pci_bus 0000:00: root bus resource [bus 00-7e]
 [    0.409381] pci 0000:00:00.0: [8086:3ec2] type 00 class 0x060000
 [    0.410104] pci 0000:00:02.0: [8086:3e92] type 00 class 0x030000
 [    0.410122] pci 0000:00:02.0: reg 0x10: [mem 0xb0000000-0xb0ffffff 64bit]
 [    0.410132] pci 0000:00:02.0: reg 0x18: [mem 0xa0000000-0xafffffff 64bit pref]
 [    0.410140] pci 0000:00:02.0: reg 0x20: [io  0x3000-0x303f]
 [    0.410165] pci 0000:00:02.0: BAR 2: assigned to efifb
 [    0.410448] pci 0000:00:08.0: [8086:1911] type 00 class 0x088000
 [    0.410465] pci 0000:00:08.0: reg 0x10: [mem 0xb123d000-0xb123dfff 64bit]
 [    0.410745] pci 0000:00:14.0: [8086:a36d] type 00 class 0x0c0330
 [    0.410774] pci 0000:00:14.0: reg 0x10: [mem 0xb1220000-0xb122ffff 64bit]
 [    0.410860] pci 0000:00:14.0: PME# supported from D3hot D3cold
 [    0.411710] pci 0000:00:14.2: [8086:a36f] type 00 class 0x050000
 [    0.411749] pci 0000:00:14.2: reg 0x10: [mem 0xb1236000-0xb1237fff 64bit]
 [    0.411766] pci 0000:00:14.2: reg 0x18: [mem 0xb123c000-0xb123cfff 64bit]
 [    0.412050] pci 0000:00:16.0: [8086:a360] type 00 class 0x078000
 [    0.412083] pci 0000:00:16.0: reg 0x10: [mem 0xb123b000-0xb123bfff 64bit]
 [    0.412183] pci 0000:00:16.0: PME# supported from D3hot
 [    0.412579] pci 0000:00:17.0: [8086:a352] type 00 class 0x010601
 [    0.412602] pci 0000:00:17.0: reg 0x10: [mem 0xb1234000-0xb1235fff]
 [    0.412615] pci 0000:00:17.0: reg 0x14: [mem 0xb123a000-0xb123a0ff]
 [    0.412625] pci 0000:00:17.0: reg 0x18: [io  0x3090-0x3097]
 [    0.412635] pci 0000:00:17.0: reg 0x1c: [io  0x3080-0x3083]
 [    0.412645] pci 0000:00:17.0: reg 0x20: [io  0x3060-0x307f]
 [    0.412655] pci 0000:00:17.0: reg 0x24: [mem 0xb1239000-0xb12397ff]
 [    0.412718] pci 0000:00:17.0: PME# supported from D3hot
 [    0.413048] pci 0000:00:1c.0: [8086:a33d] type 01 class 0x060400
 [    0.413182] pci 0000:00:1c.0: PME# supported from D0 D3hot D3cold
 [    0.413206] pci 0000:00:1c.0: PTM enabled (root), 4ns granularity
 [    0.413618] pci 0000:00:1f.0: [8086:a308] type 00 class 0x060100
 [    0.414018] pci 0000:00:1f.3: [8086:a348] type 00 class 0x040380
 [    0.414101] pci 0000:00:1f.3: reg 0x10: [mem 0xb1230000-0xb1233fff 64bit]
 [    0.414170] pci 0000:00:1f.3: reg 0x20: [mem 0xb1000000-0xb10fffff 64bit]
 [    0.414315] pci 0000:00:1f.3: PME# supported from D3hot D3cold
 [    0.415801] pci 0000:00:1f.4: [8086:a323] type 00 class 0x0c0500
 [    0.415846] pci 0000:00:1f.4: reg 0x10: [mem 0xb1238000-0xb12380ff 64bit]
 [    0.415882] pci 0000:00:1f.4: reg 0x20: [io  0xefa0-0xefbf]
 [    0.416220] pci 0000:00:1f.5: [8086:a324] type 00 class 0x0c8000
 [    0.416245] pci 0000:00:1f.5: reg 0x10: [mem 0xfe010000-0xfe010fff]
 [    0.416521] pci 0000:00:1f.6: [8086:15bc] type 00 class 0x020000
 [    0.416585] pci 0000:00:1f.6: reg 0x10: [mem 0xb1200000-0xb121ffff]
 [    0.416835] pci 0000:00:1f.6: PME# supported from D0 D3hot D3cold
 [    0.417296] pci 0000:01:00.0: [8086:24fd] type 00 class 0x028000
 [    0.417361] pci 0000:01:00.0: reg 0x10: [mem 0xb1100000-0xb1101fff 64bit]
 [    0.417589] pci 0000:01:00.0: PME# supported from D0 D3hot D3cold
 [    0.417950] pci 0000:00:1c.0: PCI bridge to [bus 01]
 [    0.417959] pci 0000:00:1c.0:   bridge window [mem 0xb1100000-0xb11fffff]
 [    0.422477] ACPI: PCI Interrupt Link [LNKA] (IRQs 3 4 5 6 10 11 12 14 15) *0
 [    0.422650] ACPI: PCI Interrupt Link [LNKB] (IRQs 3 4 5 6 10 11 12 14 15) *1
 [    0.422820] ACPI: PCI Interrupt Link [LNKC] (IRQs 3 4 5 6 10 11 12 14 15) *0
 [    0.422988] ACPI: PCI Interrupt Link [LNKD] (IRQs 3 4 5 6 10 11 12 14 15) *0
 [    0.423154] ACPI: PCI Interrupt Link [LNKE] (IRQs 3 4 5 6 10 11 12 14 15) *0
 [    0.423320] ACPI: PCI Interrupt Link [LNKF] (IRQs 3 4 5 6 10 11 12 14 15) *0
 [    0.423486] ACPI: PCI Interrupt Link [LNKG] (IRQs 3 4 5 6 10 11 12 14 15) *0
 [    0.423653] ACPI: PCI Interrupt Link [LNKH] (IRQs 3 4 5 6 10 11 12 14 15) *0
 [    0.426244] iommu: Default domain type: Translated 
 [    0.426244] SCSI subsystem initialized
 [    0.426244] libata version 3.00 loaded.
 [    0.426244] pci 0000:00:02.0: vgaarb: setting as boot VGA device
 [    0.426244] pci 0000:00:02.0: vgaarb: VGA device added: decodes=io+mem,owns=io+mem,locks=none
 [    0.426244] pci 0000:00:02.0: vgaarb: bridge control possible
 [    0.426244] vgaarb: loaded
 [    0.426244] ACPI: bus type USB registered
 [    0.426244] usbcore: registered new interface driver usbfs
 [    0.426244] usbcore: registered new interface driver hub
 [    0.426244] usbcore: registered new device driver usb
 [    0.426244] pps_core: LinuxPPS API ver. 1 registered
 [    0.426244] pps_core: Software ver. 5.3.6 - Copyright 2005-2007 Rodolfo Giometti <giometti@linux.it>
 [    0.426244] PTP clock support registered
 [    0.426244] EDAC MC: Ver: 3.0.0
 [    0.426244] Registered efivars operations
 [    0.426244] PCI: Using ACPI for IRQ routing
 [    0.449850] PCI: pci_cache_line_size set to 64 bytes
 [    0.449943] e820: reserve RAM buffer [mem 0x0009f000-0x0009ffff]
 [    0.449944] e820: reserve RAM buffer [mem 0x8ac61018-0x8bffffff]
 [    0.449945] e820: reserve RAM buffer [mem 0x916f3000-0x93ffffff]
 [    0.449946] e820: reserve RAM buffer [mem 0x9379e000-0x93ffffff]
 [    0.449947] e820: reserve RAM buffer [mem 0x953b6000-0x97ffffff]
 [    0.449949] e820: reserve RAM buffer [mem 0x97c10000-0x97ffffff]
 [    0.449950] e820: reserve RAM buffer [mem 0x25e800000-0x25fffffff]
 [    0.450074] NetLabel: Initializing
 [    0.450078] NetLabel:  domain hash size = 128
 [    0.450080] NetLabel:  protocols = UNLABELED CIPSOv4 CALIPSO
 [    0.450100] NetLabel:  unlabeled traffic allowed by default
 [    0.450121] hpet0: at MMIO 0xfed00000, IRQs 2, 8, 0, 0, 0, 0, 0, 0
 [    0.450121] hpet0: 8 comparators, 64-bit 24.000000 MHz counter
 [    0.454384] clocksource: Switched to clocksource tsc-early
 [    0.468212] *** VALIDATE bpf ***
 [    0.468281] VFS: Disk quotas dquot_6.6.0
 [    0.468300] VFS: Dquot-cache hash table entries: 512 (order 0, 4096 bytes)
 [    0.468335] *** VALIDATE ramfs ***
 [    0.468340] *** VALIDATE hugetlbfs ***
 [    0.468445] AppArmor: AppArmor Filesystem Enabled
 [    0.468479] pnp: PnP ACPI init
 [    0.468612] system 00:00: [mem 0x40000000-0x403fffff] could not be reserved
 [    0.468621] system 00:00: Plug and Play ACPI device, IDs PNP0c02 (active)
 [    0.469079] system 00:01: [io  0x0a00-0x0a0f] has been reserved
 [    0.469084] system 00:01: [io  0x0a10-0x0a1f] has been reserved
 [    0.469087] system 00:01: [io  0x0a20-0x0a2f] has been reserved
 [    0.469093] system 00:01: Plug and Play ACPI device, IDs PNP0c02 (active)
 [    0.470098] pnp 00:02: [dma 0 disabled]
 [    0.470151] pnp 00:02: Plug and Play ACPI device, IDs PNP0501 (active)
 [    0.470632] system 00:03: [io  0x0680-0x069f] has been reserved
 [    0.470637] system 00:03: [io  0x164e-0x164f] has been reserved
 [    0.470644] system 00:03: Plug and Play ACPI device, IDs PNP0c02 (active)
 [    0.470856] system 00:04: [io  0x1854-0x1857] has been reserved
 [    0.470863] system 00:04: Plug and Play ACPI device, IDs INT3f0d PNP0c02 (active)
 [    0.471218] system 00:05: [mem 0xfed10000-0xfed17fff] has been reserved
 [    0.471223] system 00:05: [mem 0xfed18000-0xfed18fff] has been reserved
 [    0.471227] system 00:05: [mem 0xfed19000-0xfed19fff] has been reserved
 [    0.471230] system 00:05: [mem 0xf0000000-0xf7ffffff] has been reserved
 [    0.471234] system 00:05: [mem 0xfed20000-0xfed3ffff] has been reserved
 [    0.471238] system 00:05: [mem 0xfed90000-0xfed93fff] could not be reserved
 [    0.471241] system 00:05: [mem 0xfed45000-0xfed8ffff] has been reserved
 [    0.471245] system 00:05: [mem 0xfee00000-0xfeefffff] could not be reserved
 [    0.471251] system 00:05: Plug and Play ACPI device, IDs PNP0c02 (active)
 [    0.471662] system 00:06: [io  0x1800-0x18fe] could not be reserved
 [    0.471667] system 00:06: [mem 0xfd000000-0xfd69ffff] has been reserved
 [    0.471670] system 00:06: [mem 0xfd6c0000-0xfd6cffff] has been reserved
 [    0.471674] system 00:06: [mem 0xfd6f0000-0xfdffffff] has been reserved
 [    0.471678] system 00:06: [mem 0xfe000000-0xfe01ffff] could not be reserved
 [    0.471681] system 00:06: [mem 0xfe200000-0xfe7fffff] has been reserved
 [    0.471685] system 00:06: [mem 0xff000000-0xffffffff] has been reserved
 [    0.471691] system 00:06: Plug and Play ACPI device, IDs PNP0c02 (active)
 [    0.472252] system 00:07: [io  0x2000-0x20fe] has been reserved
 [    0.472258] system 00:07: Plug and Play ACPI device, IDs PNP0c02 (active)
 [    0.474576] system 00:08: [mem 0xfd6e0000-0xfd6effff] has been reserved
 [    0.474581] system 00:08: [mem 0xfd6d0000-0xfd6dffff] has been reserved
 [    0.474584] system 00:08: [mem 0xfd6b0000-0xfd6bffff] has been reserved
 [    0.474588] system 00:08: [mem 0xfd6a0000-0xfd6affff] has been reserved
 [    0.474594] system 00:08: Plug and Play ACPI device, IDs PNP0c02 (active)
 [    0.476539] pnp: PnP ACPI: found 9 devices
 [    0.478134] thermal_sys: Registered thermal governor 'fair_share'
 [    0.478136] thermal_sys: Registered thermal governor 'bang_bang'
 [    0.478139] thermal_sys: Registered thermal governor 'step_wise'
 [    0.478142] thermal_sys: Registered thermal governor 'user_space'
 [    0.478145] thermal_sys: Registered thermal governor 'power_allocator'
 [    0.482658] clocksource: acpi_pm: mask: 0xffffff max_cycles: 0xffffff, max_idle_ns: 2085701024 ns
 [    0.482706] pci 0000:00:1c.0: PCI bridge to [bus 01]
 [    0.482721] pci 0000:00:1c.0:   bridge window [mem 0xb1100000-0xb11fffff]
 [    0.482735] pci_bus 0000:00: resource 4 [io  0x0000-0x0cf7 window]
 [    0.482739] pci_bus 0000:00: resource 5 [io  0x0d00-0xffff window]
 [    0.482742] pci_bus 0000:00: resource 6 [mem 0x000a0000-0x000bffff window]
 [    0.482745] pci_bus 0000:00: resource 7 [mem 0x000e0000-0x000e3fff window]
 [    0.482749] pci_bus 0000:00: resource 8 [mem 0x000e4000-0x000e7fff window]
 [    0.482752] pci_bus 0000:00: resource 9 [mem 0x000e8000-0x000ebfff window]
 [    0.482755] pci_bus 0000:00: resource 10 [mem 0x000ec000-0x000effff window]
 [    0.482759] pci_bus 0000:00: resource 11 [mem 0x9f800000-0xefffffff window]
 [    0.482762] pci_bus 0000:00: resource 12 [mem 0xfc800000-0xfe7fffff window]
 [    0.482765] pci_bus 0000:01: resource 1 [mem 0xb1100000-0xb11fffff]
 [    0.483055] NET: Registered protocol family 2
 [    0.483182] IP idents hash table entries: 131072 (order: 8, 1048576 bytes, linear)
 [    0.484549] tcp_listen_portaddr_hash hash table entries: 4096 (order: 4, 65536 bytes, linear)
 [    0.484611] TCP established hash table entries: 65536 (order: 7, 524288 bytes, linear)
 [    0.484787] TCP bind hash table entries: 65536 (order: 8, 1048576 bytes, linear)
 [    0.484893] TCP: Hash tables configured (established 65536 bind 65536)
 [    0.484937] UDP hash table entries: 4096 (order: 5, 131072 bytes, linear)
 [    0.484973] UDP-Lite hash table entries: 4096 (order: 5, 131072 bytes, linear)
 [    0.485033] NET: Registered protocol family 1
 [    0.485041] NET: Registered protocol family 44
 [    0.485054] pci 0000:00:02.0: Video device with shadowed ROM at [mem 0x000c0000-0x000dffff]
 [    0.485533] PCI: CLS 64 bytes, default 64
 [    0.485578] Trying to unpack rootfs image as initramfs...
 [    0.773951] Freeing initrd memory: 84004K
 [    0.792409] PCI-DMA: Using software bounce buffering for IO (SWIOTLB)
 [    0.792414] software IO TLB: mapped [mem 0x8d6f3000-0x916f3000] (64MB)
 [    0.792680] platform rtc_cmos: registered platform RTC device (no PNP device found)
 [    0.792775] check: Scanning for low memory corruption every 60 seconds
 [    0.793354] Initialise system trusted keyrings
 [    0.793377] Key type blacklist registered
 [    0.793416] workingset: timestamp_bits=36 max_order=21 bucket_order=0
 [    0.795105] zbud: loaded
 [    0.795582] squashfs: version 4.0 (2009/01/31) Phillip Lougher
 [    0.795778] fuse: init (API version 7.31)
 [    0.795802] *** VALIDATE fuse ***
 [    0.795805] *** VALIDATE fuse ***
 [    0.795932] Platform Keyring initialized
 [    0.800654] Key type asymmetric registered
 [    0.800656] Asymmetric key parser 'x509' registered
 [    0.800666] Block layer SCSI generic (bsg) driver version 0.4 loaded (major 244)
 [    0.800701] io scheduler mq-deadline registered
 [    0.801216] pcieport 0000:00:1c.0: PME: Signaling with IRQ 122
 [    0.801307] pcieport 0000:00:1c.0: AER: enabled with IRQ 122
 [    0.801372] pcieport 0000:00:1c.0: DPC: error containment capabilities: Int Msg #0, RPExt+ PoisonedTLP+ SwTrigger+ RP PIO Log 4, DL_ActiveErr+
 [    0.801487] shpchp: Standard Hot Plug PCI Controller Driver version: 0.4
 [    0.801558] efifb: probing for efifb
 [    0.801572] efifb: framebuffer at 0xa0000000, using 1876k, total 1875k
 [    0.801576] efifb: mode is 800x600x32, linelength=3200, pages=1
 [    0.801578] efifb: scrolling: redraw
 [    0.801581] efifb: Truecolor: size=8:8:8:8, shift=24:16:8:0
 [    0.801677] Console: switching to colour frame buffer device 100x37
 [    0.802939] fb0: EFI VGA frame buffer device
 [    0.802968] intel_idle: MWAIT substates: 0x11142120
 [    0.802969] intel_idle: v0.4.1 model 0x9E
 [    0.803440] intel_idle: lapic_timer_reliable_states 0xffffffff
 [    0.803715] input: Sleep Button as /devices/LNXSYSTM:00/LNXSYBUS:00/PNP0C0E:00/input/input0
 [    0.803785] ACPI: Sleep Button [SLPB]
 [    0.803844] input: Power Button as /devices/LNXSYSTM:00/LNXSYBUS:00/PNP0C0C:00/input/input1
 [    0.803897] ACPI: Power Button [PWRB]
 [    0.803956] input: Power Button as /devices/LNXSYSTM:00/LNXPWRBN:00/input/input2
 [    0.804026] ACPI: Power Button [PWRF]
 [    0.806930] thermal LNXTHERM:00: registered as thermal_zone0
 [    0.806960] ACPI: Thermal Zone [TZ00] (28 C)
 [    0.807254] Serial: 8250/16550 driver, 32 ports, IRQ sharing enabled
 [    0.828488] 00:02: ttyS0 at I/O 0x3f8 (irq = 4, base_baud = 115200) is a 16550A
 [    0.830800] Linux agpgart interface v0.103
 [    0.840548] tpm_tis MSFT0101:00: 2.0 TPM (device-id 0x1B, rev-id 16)
 [    0.916122] loop: module loaded
 [    0.917127] libphy: Fixed MDIO Bus: probed
 [    0.917839] tun: Universal TUN/TAP device driver, 1.6
 [    0.918604] PPP generic driver version 2.4.2
 [    0.919460] VFIO - User Level meta-driver version: 0.3
 [    0.920322] ehci_hcd: USB 2.0 'Enhanced' Host Controller (EHCI) Driver
 [    0.921064] ehci-pci: EHCI PCI platform driver
 [    0.921816] ehci-platform: EHCI generic platform driver
 [    0.922571] ohci_hcd: USB 1.1 'Open' Host Controller (OHCI) Driver
 [    0.923324] ohci-pci: OHCI PCI platform driver
 [    0.924073] ohci-platform: OHCI generic platform driver
 [    0.924820] uhci_hcd: USB Universal Host Controller Interface driver
 [    0.925880] xhci_hcd 0000:00:14.0: xHCI Host Controller
 [    0.926624] xhci_hcd 0000:00:14.0: new USB bus registered, assigned bus number 1
 [    0.928473] xhci_hcd 0000:00:14.0: hcc params 0x200077c1 hci version 0x110 quirks 0x0000000000009810
 [    0.929981] xhci_hcd 0000:00:14.0: cache line size of 64 is not supported
 [    0.930966] usb usb1: New USB device found, idVendor=1d6b, idProduct=0002, bcdDevice= 5.04
 [    0.931744] usb usb1: New USB device strings: Mfr=3, Product=2, SerialNumber=1
 [    0.932524] usb usb1: Product: xHCI Host Controller
 [    0.933291] usb usb1: Manufacturer: Linux 5.4.0-81-generic xhci-hcd
 [    0.934064] usb usb1: SerialNumber: 0000:00:14.0
 [    0.934982] hub 1-0:1.0: USB hub found
 [    0.935764] hub 1-0:1.0: 16 ports detected
 [    0.940082] xhci_hcd 0000:00:14.0: xHCI Host Controller
 [    0.940840] xhci_hcd 0000:00:14.0: new USB bus registered, assigned bus number 2
 [    0.941581] xhci_hcd 0000:00:14.0: Host supports USB 3.1 Enhanced SuperSpeed
 [    0.942356] usb usb2: New USB device found, idVendor=1d6b, idProduct=0003, bcdDevice= 5.04
 [    0.943101] usb usb2: New USB device strings: Mfr=3, Product=2, SerialNumber=1
 [    0.943823] usb usb2: Product: xHCI Host Controller
 [    0.944536] usb usb2: Manufacturer: Linux 5.4.0-81-generic xhci-hcd
 [    0.945260] usb usb2: SerialNumber: 0000:00:14.0
 [    0.946108] hub 2-0:1.0: USB hub found
 [    0.946821] hub 2-0:1.0: 6 ports detected
 [    0.949085] i8042: PNP: No PS/2 controller found.
 [    0.949904] mousedev: PS/2 mouse device common for all mice
 [    0.950890] rtc_cmos rtc_cmos: RTC can wake from S4
 [    0.952431] rtc_cmos rtc_cmos: registered as rtc0
 [    0.953115] rtc_cmos rtc_cmos: alarms up to one month, y3k, 114 bytes nvram, hpet irqs
 [    0.953803] i2c /dev entries driver
 [    0.954529] device-mapper: uevent: version 1.0.3
 [    0.955320] device-mapper: ioctl: 4.41.0-ioctl (2019-09-16) initialised: dm-devel@redhat.com
 [    0.956038] platform eisa.0: Probing EISA bus 0
 [    0.956734] platform eisa.0: EISA: Cannot allocate resource for mainboard
 [    0.957434] platform eisa.0: Cannot allocate resource for EISA slot 1
 [    0.958128] platform eisa.0: Cannot allocate resource for EISA slot 2
 [    0.958807] platform eisa.0: Cannot allocate resource for EISA slot 3
 [    0.959474] platform eisa.0: Cannot allocate resource for EISA slot 4
 [    0.960124] platform eisa.0: Cannot allocate resource for EISA slot 5
 [    0.960764] platform eisa.0: Cannot allocate resource for EISA slot 6
 [    0.961384] platform eisa.0: Cannot allocate resource for EISA slot 7
 [    0.961986] platform eisa.0: Cannot allocate resource for EISA slot 8
 [    0.962557] platform eisa.0: EISA: Detected 0 cards
 [    0.963114] intel_pstate: Intel P-state driver initializing
 [    0.964114] intel_pstate: HWP enabled
 [    0.964762] ledtrig-cpu: registered to indicate activity on CPUs
 [    0.965050] EFI Variables Facility v0.08 2004-May-17
 [    1.024930] intel_pmc_core INT33A1:00:  initialized
 [    1.025279] drop_monitor: Initializing network drop monitor service
 [    1.025704] NET: Registered protocol family 10
 [    1.030840] Segment Routing with IPv6
 [    1.031165] NET: Registered protocol family 17
 [    1.031548] Key type dns_resolver registered
 [    1.032303] RAS: Correctable Errors collector initialized.
 [    1.032630] microcode: sig=0x906ea, pf=0x2, revision=0xea
 [    1.033123] microcode: Microcode Update Driver: v2.2.
 [    1.033126] IPI shorthand broadcast: enabled
 [    1.033718] sched_clock: Marking stable (1027434999, 5682583)->(1041518991, -8401409)
 [    1.034210] registered taskstats version 1
 [    1.034518] Loading compiled-in X.509 certificates
 [    1.035596] Loaded X.509 cert 'Build time autogenerated kernel key: f4fb9be2b6864c65d1a1bb6d73ac6dae2f9d356d'
 [    1.036719] Loaded X.509 cert 'Canonical Ltd. Live Patch Signing: 14df34d1a87cf37625abec039ef2bf521249b969'
 [    1.037864] Loaded X.509 cert 'Canonical Ltd. Kernel Module Signing: 88f752e560a1e0737e31163a466ad7b70a850c19'
 [    1.038587] zswap: loaded using pool lzo/zbud
 [    1.039128] Key type ._fscrypt registered
 [    1.039477] Key type .fscrypt registered
 [    1.044290] Key type big_key registered
 [    1.044639] Key type trusted registered
 [    1.047263] Key type encrypted registered
 [    1.047597] AppArmor: AppArmor sha1 policy hashing enabled
 [    1.048908] integrity: Loading X.509 certificate: UEFI:db
 [    1.049283] integrity: Loaded X.509 cert 'Lenovo UEFI CA 2014: 4b91a68732eaefdd2c8ffffc6b027ec3449e9c8f'
 [    1.050014] integrity: Loading X.509 certificate: UEFI:db
 [    1.050911] integrity: Loaded X.509 cert 'Trust - Lenovo Certificate: bc19ccf68446c18b4a08dce9b1cb4deb'
 [    1.051732] integrity: Loading X.509 certificate: UEFI:db
 [    1.052164] integrity: Loaded X.509 cert 'Microsoft Corporation UEFI CA 2011: 13adbf4309bd82709c8cd54f316ed522988a1bd4'
 [    1.053009] integrity: Loading X.509 certificate: UEFI:db
 [    1.053453] integrity: Loaded X.509 cert 'Microsoft Windows Production PCA 2011: a92902398e16c49778cd90f99e4f9ae17c55af53'
 [    1.055018] integrity: Loading X.509 certificate: UEFI:MokListRT
 [    1.055480] integrity: Loaded X.509 cert 'SomeOrg: shim: a01ee84e9b37ace407961cc468c5909447878469'
 [    1.056379] integrity: Loading X.509 certificate: UEFI:MokListRT
 [    1.057002] integrity: Loaded X.509 cert 'Canonical Ltd. Master Certificate Authority: ad91990bc22ab1f517048c23b6655a268e345a63'
 [    1.059023] ima: Allocated hash algorithm: sha1
 [    1.184411] ima: No architecture policies found
 [    1.184879] evm: Initialising EVM extended attributes:
 [    1.185329] evm: security.selinux
 [    1.185774] evm: security.SMACK64
 [    1.186207] evm: security.SMACK64EXEC
 [    1.186628] evm: security.SMACK64TRANSMUTE
 [    1.187036] evm: security.SMACK64MMAP
 [    1.187433] evm: security.apparmor
 [    1.187810] evm: security.ima
 [    1.188172] evm: security.capability
 [    1.188523] evm: HMAC attrs: 0x1
 [    1.190523] PM:   Magic number: 14:245:344
 [    1.190880] usb usb1-port15: hash matches
 [    1.191239] tty tty61: hash matches
 [    1.191797] rtc_cmos rtc_cmos: setting system clock to 2022-03-13T19:18:25 UTC (1647199105)
 [    1.192304] Lockdown: swapper/0: hibernation is restricted; see man kernel_lockdown.7
 [    1.193508] Freeing unused decrypted memory: 2040K
 [    1.194292] Freeing unused kernel image memory: 2736K
 [    1.194742] Write protecting the kernel read-only data: 22528k
 [    1.195671] Freeing unused kernel image memory: 2008K
 [    1.196306] Freeing unused kernel image memory: 1128K
 [    1.196319] usb 1-8: new high-speed USB device number 2 using xhci_hcd
 [    1.205198] x86/mm: Checked W+X mappings: passed, no W+X pages found.
 [    1.205550] x86/mm: Checking user space page tables
 [    1.213922] x86/mm: Checked W+X mappings: passed, no W+X pages found.
 [    1.214266] Run /init as init process
 [    1.294455] acpi PNP0C14:02: duplicate WMI GUID 05901221-D566-11D1-B2F0-00A0C9062910 (first instance was on PNP0C14:01)
 [    1.295215] acpi PNP0C14:03: duplicate WMI GUID 05901221-D566-11D1-B2F0-00A0C9062910 (first instance was on PNP0C14:01)
 [    1.300080] i801_smbus 0000:00:1f.4: SPD Write Disable is set
 [    1.300611] i801_smbus 0000:00:1f.4: SMBus using PCI interrupt
 [    1.302210] e1000e: Intel(R) PRO/1000 Network Driver - 3.2.6-k
 [    1.302562] e1000e: Copyright(c) 1999 - 2015 Intel Corporation.
 [    1.303308] e1000e 0000:00:1f.6: Interrupt Throttling Rate (ints/sec) set to dynamic conservative mode
 [    1.306032] ahci 0000:00:17.0: version 3.0
 [    1.309890] cryptd: max_cpu_qlen set to 1000
 [    1.313770] AVX2 version of gcm_enc/dec engaged.
 [    1.314149] AES CTR mode by8 optimization enabled
 [    1.316364] ahci 0000:00:17.0: AHCI 0001.0301 32 slots 6 ports 6 Gbps 0x3f impl SATA mode
 [    1.316765] ahci 0000:00:17.0: flags: 64bit ncq sntf pm clo only pio slum part ems deso sadm sds apst 
 [    1.348984] usb 1-8: New USB device found, idVendor=1a40, idProduct=0101, bcdDevice= 1.11
 [    1.349414] usb 1-8: New USB device strings: Mfr=0, Product=1, SerialNumber=0
 [    1.349833] usb 1-8: Product: USB 2.0 Hub
 [    1.350866] hub 1-8:1.0: USB hub found
 [    1.351374] hub 1-8:1.0: 4 ports detected
 [    1.381060] scsi host0: ahci
 [    1.381745] scsi host1: ahci
 [    1.382442] scsi host2: ahci
 [    1.383076] scsi host3: ahci
 [    1.383617] scsi host4: ahci
 [    1.384115] scsi host5: ahci
 [    1.384514] ata1: SATA max UDMA/133 abar m2048@0xb1239000 port 0xb1239100 irq 125
 [    1.384899] ata2: SATA max UDMA/133 abar m2048@0xb1239000 port 0xb1239180 irq 125
 [    1.385280] ata3: SATA max UDMA/133 abar m2048@0xb1239000 port 0xb1239200 irq 125
 [    1.385651] ata4: SATA max UDMA/133 abar m2048@0xb1239000 port 0xb1239280 irq 125
 [    1.386011] ata5: SATA max UDMA/133 abar m2048@0xb1239000 port 0xb1239300 irq 125
 [    1.386365] ata6: SATA max UDMA/133 abar m2048@0xb1239000 port 0xb1239380 irq 125
 [    1.476450] usb 2-2: new SuperSpeed Gen 1 USB device number 2 using xhci_hcd
 [    1.497263] usb 2-2: New USB device found, idVendor=0781, idProduct=5581, bcdDevice= 1.00
 [    1.497606] usb 2-2: New USB device strings: Mfr=1, Product=2, SerialNumber=3
 [    1.497949] usb 2-2: Product: Ultra
 [    1.498276] usb 2-2: Manufacturer: SanDisk
 [    1.498591] usb 2-2: SerialNumber: 0101e9d0d764e6b4171c10ec98d62f7b9e559605150a2d2263fd10ad570c2a1a200e000000000000000000003c20cd9bff98600081558107a8a6261a
 [    1.624368] usb 1-14: new full-speed USB device number 3 using xhci_hcd
 [    1.699352] ata4: SATA link down (SStatus 4 SControl 300)
 [    1.699745] ata5: SATA link down (SStatus 4 SControl 300)
 [    1.700137] ata3: SATA link down (SStatus 4 SControl 300)
 [    1.700502] ata2: SATA link down (SStatus 4 SControl 300)
 [    1.700823] ata1: SATA link up 6.0 Gbps (SStatus 133 SControl 300)
 [    1.701128] ata6: SATA link down (SStatus 4 SControl 300)
 [    1.701441] ata1.00: supports DRM functions and may not be fully accessible
 [    1.702573] ata1.00: ATA-11: Micron MTFDDAK256TDL,  M1LN002, max UDMA/133
 [    1.702867] ata1.00: 500118192 sectors, multi 1: LBA48 NCQ (depth 32), AA
 [    1.705613] ata1.00: supports DRM functions and may not be fully accessible
 [    1.712203] ata1.00: configured for UDMA/133
 [    1.712618] scsi 0:0:0:0: Direct-Access     ATA      Micron MTFDDAK25 N002 PQ: 0 ANSI: 5
 [    1.713098] ata1.00: Enabling discard_zeroes_data
 [    1.713113] sd 0:0:0:0: Attached scsi generic sg0 type 0
 [    1.713684] sd 0:0:0:0: [sda] 500118192 512-byte logical blocks: (256 GB/238 GiB)
 [    1.714346] sd 0:0:0:0: [sda] Write Protect is off
 [    1.714663] sd 0:0:0:0: [sda] Mode Sense: 00 3a 00 00
 [    1.714730] sd 0:0:0:0: [sda] Write cache: enabled, read cache: enabled, doesn't support DPO or FUA
 [    1.716707] checking generic (a0000000 1d5000) vs hw (a0000000 10000000)
 [    1.716708] fb0: switching to inteldrmfb from EFI VGA
 [    1.717084] Console: switching to colour dummy device 80x25
 [    1.717110] i915 0000:00:02.0: vgaarb: deactivate vga console
 [    1.718779] [drm] Supports vblank timestamp caching Rev 2 (21.10.2013).
 [    1.718782] [drm] Driver supports precise vblank timestamp query.
 [    1.719548] i915 0000:00:02.0: vgaarb: changed VGA decodes: olddecodes=io+mem,decodes=io+mem:owns=io+mem
 [    1.720599] [drm] Finished loading DMC firmware i915/kbl_dmc_ver1_04.bin (v1.4)
 [    1.748412] ata1.00: Enabling discard_zeroes_data
 [    1.751654]  sda: sda1 sda2 sda3 sda4 sda5
 [    1.751863] ata1.00: Enabling discard_zeroes_data
 [    1.752063] sd 0:0:0:0: [sda] supports TCG Opal
 [    1.752066] sd 0:0:0:0: [sda] Attached SCSI disk
 [    1.781237] usb 1-14: New USB device found, idVendor=8087, idProduct=0a2b, bcdDevice= 0.10
 [    1.781242] usb 1-14: New USB device strings: Mfr=0, Product=0, SerialNumber=0
 [    1.812337] tsc: Refined TSC clocksource calibration: 1799.993 MHz
 [    1.812344] clocksource: tsc: mask: 0xffffffffffffffff max_cycles: 0x19f222eae03, max_idle_ns: 440795232763 ns
 [    1.820964] clocksource: Switched to clocksource tsc
 [    1.908363] usb 2-3: new SuperSpeed Gen 1 USB device number 3 using xhci_hcd
 [    1.929044] usb 2-3: New USB device found, idVendor=0781, idProduct=5581, bcdDevice= 1.00
 [    1.929046] usb 2-3: New USB device strings: Mfr=1, Product=2, SerialNumber=3
 [    1.929049] usb 2-3: Product: Ultra
 [    1.929050] usb 2-3: Manufacturer: SanDisk
 [    1.929052] usb 2-3: SerialNumber: 010153501f662b1e13ec839a64ce6cbba1e4baa4e5784bb90de4eb78869cfc87a9f500000000000000000000afafeec0ff08510081558107a8a63216
 [    1.933097] usb-storage 2-2:1.0: USB Mass Storage device detected
 [    1.933152] scsi host6: usb-storage 2-2:1.0
 [    1.933214] usb-storage 2-3:1.0: USB Mass Storage device detected
 [    1.933262] scsi host7: usb-storage 2-3:1.0
 [    1.933316] usbcore: registered new interface driver usb-storage
 [    1.934133] usbcore: registered new interface driver uas
 [    1.983247] e1000e 0000:00:1f.6 0000:00:1f.6 (uninitialized): registered PHC clock
 [    2.000726] [drm] failed to retrieve link info, disabling eDP
 [    2.017607] i915 0000:00:02.0: Failed to program MOCS registers; expect performance issues.
 [    2.019014] [drm] Initialized i915 1.6.0 20190822 for 0000:00:02.0 on minor 0
 [    2.021510] ACPI: Video Device [GFX0] (multi-head: yes  rom: no  post: no)
 [    2.022214] acpi device:0f: registered as cooling_device11
 [    2.022331] input: Video Bus as /devices/LNXSYSTM:00/LNXSYBUS:00/PNP0A08:00/LNXVIDEO:00/input/input3
 [    2.052767] e1000e 0000:00:1f.6 eth0: (PCI Express:2.5GT/s:Width x1) f8:75:a4:09:60:43
 [    2.052770] e1000e 0000:00:1f.6 eth0: Intel(R) PRO/1000 Network Connection
 [    2.052850] e1000e 0000:00:1f.6 eth0: MAC: 13, PHY: 12, PBA No: FFFFFF-0FF
 [    2.073228] fbcon: i915drmfb (fb0) is primary device
 [    2.073719] e1000e 0000:00:1f.6 eno1: renamed from eth0
 [    2.101427] Console: switching to colour frame buffer device 240x67
 [    2.120826] i915 0000:00:02.0: fb0: i915drmfb frame buffer device
 [    2.132410] usb 1-8.2: new low-speed USB device number 4 using xhci_hcd
 [    2.360598] usb 1-8.2: New USB device found, idVendor=03f0, idProduct=1198, bcdDevice= 7.04
 [    2.360624] usb 1-8.2: New USB device strings: Mfr=1, Product=2, SerialNumber=0
 [    2.360642] usb 1-8.2: Product: HP USB 1000dpi Laser Mouse
 [    2.360656] usb 1-8.2: Manufacturer: HP
 [    2.564555] usb 1-8.3: new low-speed USB device number 5 using xhci_hcd
 [    2.790744] usb 1-8.3: New USB device found, idVendor=04f2, idProduct=1516, bcdDevice= 1.11
 [    2.790770] usb 1-8.3: New USB device strings: Mfr=1, Product=2, SerialNumber=0
 [    2.790788] usb 1-8.3: Product: USB Keyboard
 [    2.790799] usb 1-8.3: Manufacturer: Chicony 
 [    2.965130] scsi 6:0:0:0: Direct-Access     SanDisk  Ultra            1.00 PQ: 0 ANSI: 6
 [    2.965131] scsi 7:0:0:0: Direct-Access     SanDisk  Ultra            1.00 PQ: 0 ANSI: 6
 [    2.965420] sd 6:0:0:0: Attached scsi generic sg1 type 0
 [    2.965725] sd 7:0:0:0: Attached scsi generic sg2 type 0
 [    2.965819] sd 6:0:0:0: [sdb] 120176640 512-byte logical blocks: (61.5 GB/57.3 GiB)
 [    2.966026] sd 7:0:0:0: [sdc] 120176640 512-byte logical blocks: (61.5 GB/57.3 GiB)
 [    2.966928] sd 7:0:0:0: [sdc] Write Protect is off
 [    2.966944] sd 7:0:0:0: [sdc] Mode Sense: 43 00 00 00
 [    2.967174] sd 7:0:0:0: [sdc] Write cache: disabled, read cache: enabled, doesn't support DPO or FUA
 [    2.967441] sd 6:0:0:0: [sdb] Write Protect is off
 [    2.967458] sd 6:0:0:0: [sdb] Mode Sense: 43 00 00 00
 [    2.967732] sd 6:0:0:0: [sdb] Write cache: disabled, read cache: enabled, doesn't support DPO or FUA
 [    2.976316] usb 1-8.4: new high-speed USB device number 6 using xhci_hcd
 [    2.983870]  sdc: sdc1 sdc2
 [    2.985138] sd 7:0:0:0: [sdc] Attached SCSI removable disk
 [    3.001787]  sdb: sdb1 sdb2 sdb3 sdb4 sdb5
 [    3.003402] sd 6:0:0:0: [sdb] Attached SCSI removable disk
 [    3.379174] usb 1-8.4: New USB device found, idVendor=03f0, idProduct=e207, bcdDevice=10.20
 [    3.379200] usb 1-8.4: New USB device strings: Mfr=3, Product=1, SerialNumber=0
 [    3.379218] usb 1-8.4: Product: HP Webcam HD 2300
 [    3.379230] usb 1-8.4: Manufacturer: Hewlett Packard
 [    3.392332] hidraw: raw HID events driver (C) Jiri Kosina
 [    3.406479] usbcore: registered new interface driver usbhid
 [    3.406500] usbhid: USB HID core driver
 [    3.409278] input: HP HP USB 1000dpi Laser Mouse as /devices/pci0000:00/0000:00:14.0/usb1/1-8/1-8.2/1-8.2:1.0/0003:03F0:1198.0001/input/input4
 [    3.409619] hid-generic 0003:03F0:1198.0001: input,hidraw0: USB HID v2.00 Mouse [HP HP USB 1000dpi Laser Mouse] on usb-0000:00:14.0-8.2/input0
 [    3.409797] hid-generic 0003:03F0:1198.0002: hiddev0,hidraw1: USB HID v2.00 Device [HP HP USB 1000dpi Laser Mouse] on usb-0000:00:14.0-8.2/input1
 [    3.409957] input: Chicony  USB Keyboard as /devices/pci0000:00/0000:00:14.0/usb1/1-8/1-8.3/1-8.3:1.0/0003:04F2:1516.0003/input/input5
 [    3.468753] hid-generic 0003:04F2:1516.0003: input,hidraw2: USB HID v1.11 Keyboard [Chicony  USB Keyboard] on usb-0000:00:14.0-8.3/input0
 [    3.468890] input: Chicony  USB Keyboard System Control as /devices/pci0000:00/0000:00:14.0/usb1/1-8/1-8.3/1-8.3:1.1/0003:04F2:1516.0004/input/input6
 [    3.528731] input: Chicony  USB Keyboard Consumer Control as /devices/pci0000:00/0000:00:14.0/usb1/1-8/1-8.3/1-8.3:1.1/0003:04F2:1516.0004/input/input7
 [    3.529870] hid-generic 0003:04F2:1516.0004: input,hidraw3: USB HID v1.11 Device [Chicony  USB Keyboard] on usb-0000:00:14.0-8.3/input1
 [    3.531031] hid-generic 0003:03F0:E207.0005: hiddev1,hidraw4: USB HID v1.11 Device [Hewlett Packard HP Webcam HD 2300] on usb-0000:00:14.0-8.4/input4
 [    3.656355] raid6: avx2x4   gen() 32506 MB/s
 [    3.704360] raid6: avx2x4   xor() 19497 MB/s
 [    3.752358] raid6: avx2x2   gen() 29280 MB/s
 [    3.800356] raid6: avx2x2   xor() 19026 MB/s
 [    3.848355] raid6: avx2x1   gen() 24075 MB/s
 [    3.896355] raid6: avx2x1   xor() 17011 MB/s
 [    3.944357] raid6: sse2x4   gen() 14207 MB/s
 [    3.992354] raid6: sse2x4   xor()  8750 MB/s
 [    4.040357] raid6: sse2x2   gen() 12242 MB/s
 [    4.088359] raid6: sse2x2   xor()  8105 MB/s
 [    4.136354] raid6: sse2x1   gen() 10885 MB/s
 [    4.184343] raid6: sse2x1   xor()  5978 MB/s
 [    4.185239] raid6: using algorithm avx2x4 gen() 32506 MB/s
 [    4.186050] raid6: .... xor() 19497 MB/s, rmw enabled
 [    4.186868] raid6: using avx2x2 recovery algorithm
 [    4.188651] xor: automatically using best checksumming function   avx       
 [    4.190336] async_tx: api initialized (async)
 [    5.032022] EXT4-fs (sdb5): recovery complete
 [    5.034393] EXT4-fs (sdb5): mounted filesystem with ordered data mode. Opts: (null)
 [    5.799700] overlayfs: "xino" feature enabled using 32 upper inode bits.
 [   38.373413] /dev/loop2: Can't open blockdev
 [   38.598282] systemd[1]: Inserted module 'autofs4'
 [   38.738191] systemd[1]: systemd 245.4-4ubuntu3.11 running in system mode. (+PAM +AUDIT +SELINUX +IMA +APPARMOR +SMACK +SYSVINIT +UTMP +LIBCRYPTSETUP +GCRYPT +GNUTLS +ACL +XZ +LZ4 +SECCOMP +BLKID +ELFUTILS +KMOD +IDN2 -IDN +PCRE2 default-hierarchy=hybrid)
 [   38.756598] systemd[1]: Detected architecture x86-64.
 [   38.792702] systemd[1]: Set hostname to <ubuntu-server>.
 [   38.796218] Lockdown: systemd: /dev/mem,kmem,port is restricted; see man kernel_lockdown.7
 [   39.407927] systemd[1]: Created slice system-modprobe.slice.
 [   39.410402] systemd[1]: Created slice User and Session Slice.
 [   39.412663] systemd[1]: Started Forward Password Requests to Wall Directory Watch.
 [   39.415069] systemd[1]: Set up automount Arbitrary Executable File Formats File System Automount Point.
 [   39.417386] systemd[1]: Reached target User and Group Name Lookups.
 [   39.419684] systemd[1]: Reached target Slices.
 [   39.422012] systemd[1]: Reached target Swap.
 [   39.424379] systemd[1]: Listening on Device-mapper event daemon FIFOs.
 [   39.427347] systemd[1]: Listening on LVM2 poll daemon socket.
 [   39.429998] systemd[1]: Listening on multipathd control socket.
 [   39.432431] systemd[1]: Listening on Syslog Socket.
 [   39.434816] systemd[1]: Listening on initctl Compatibility Named Pipe.
 [   39.437627] systemd[1]: Listening on Journal Audit Socket.
 [   39.440070] systemd[1]: Listening on Journal Socket (/dev/log).
 [   39.442536] systemd[1]: Listening on Journal Socket.
 [   39.445025] systemd[1]: Listening on Network Service Netlink Socket.
 [   39.447643] systemd[1]: Listening on udev Control Socket.
 [   39.450069] systemd[1]: Listening on udev Kernel Socket.
 [   39.453064] systemd[1]: Mounting Huge Pages File System...
 [   39.456108] systemd[1]: Mounting POSIX Message Queue File System...
 [   39.459164] systemd[1]: Mounting Kernel Debug File System...
 [   39.462133] systemd[1]: Mounting Kernel Trace File System...
 [   39.465747] systemd[1]: Starting Journal Service...
 [   39.469060] systemd[1]: Starting Set the console keyboard layout...
 [   39.472536] systemd[1]: Starting Create list of static device nodes for the current kernel...
 [   39.475986] systemd[1]: Starting Monitoring of LVM2 mirrors, snapshots etc. using dmeventd or progress polling...
 [   39.478596] systemd[1]: Condition check resulted in Load Kernel Module drm being skipped.
 [   39.482827] systemd[1]: Condition check resulted in OpenVSwitch configuration for cleanup being skipped.
 [   39.484618] systemd[1]: Condition check resulted in Set Up Additional Binary Formats being skipped.
 [   39.487287] systemd[1]: Starting Load Kernel Modules...
 [   39.491425] systemd[1]: Starting Remount Root and Kernel File Systems...
 [   39.494572] systemd[1]: Starting udev Coldplug all Devices...
 [   39.497846] systemd[1]: Starting Uncomplicated firewall...
 [   39.505286] systemd[1]: Mounted Huge Pages File System.
 [   39.508574] systemd[1]: Mounted POSIX Message Queue File System.
 [   39.512079] systemd[1]: Mounted Kernel Debug File System.
 [   39.514775] systemd[1]: Mounted Kernel Trace File System.
 [   39.517692] systemd[1]: Finished Create list of static device nodes for the current kernel.
 [   39.520631] systemd[1]: Finished Remount Root and Kernel File Systems.
 [   39.545164] systemd[1]: Condition check resulted in Rebuild Hardware Database being skipped.
 [   39.546155] systemd[1]: Condition check resulted in Platform Persistent Storage Archival being skipped.
 [   39.547818] systemd[1]: Starting Load/Save Random Seed...
 [   39.550930] systemd[1]: Starting Create System Users...
 [   39.553550] systemd[1]: Started Journal Service.
 [   39.577584] systemd-journald[1513]: Received client request to flush runtime journal.
 [   39.589529] systemd-journald[1513]: File /var/log/journal/265d3b054e314db4bd39a35b74c1d5e0/system.journal corrupted or uncleanly shut down, renaming and replacing.
 [   39.852651] EDAC ie31200: No ECC support
 [   39.923405] mei_me 0000:00:16.0: enabling device (0000 -> 0002)
 [   39.923935] iTCO_vendor_support: vendor-support=0
 [   39.929040] cfg80211: Loading compiled-in X.509 certificates for regulatory database
 [   39.929389] cfg80211: Loaded X.509 cert 'sforshee: 00b28ddf47aef9cea7'
 [   39.930246] platform regulatory.0: Direct firmware load for regulatory.db failed with error -2
 [   39.930247] cfg80211: failed to load regulatory.db
 [   39.939243] Bluetooth: Core ver 2.22
 [   39.939257] NET: Registered protocol family 31
 [   39.939258] Bluetooth: HCI device and connection manager initialized
 [   39.939260] Bluetooth: HCI socket layer initialized
 [   39.939261] Bluetooth: L2CAP socket layer initialized
 [   39.939263] Bluetooth: SCO socket layer initialized
 [   39.940614] iTCO_wdt: Intel TCO WatchDog Timer Driver v1.11
 [   39.940771] iTCO_wdt: Found a Intel PCH TCO device (Version=6, TCOBASE=0x0400)
 [   39.944873] iTCO_wdt: initialized. heartbeat=30 sec (nowayout=0)
 [   39.986691] mc: Linux media interface: v0.10
 [   39.996664] RAPL PMU: API unit is 2^-32 Joules, 4 fixed counters, 655360 ms ovfl timer
 [   39.996665] RAPL PMU: hw unit of domain pp0-core 2^-14 Joules
 [   39.996666] RAPL PMU: hw unit of domain package 2^-14 Joules
 [   39.996666] RAPL PMU: hw unit of domain dram 2^-14 Joules
 [   39.996666] RAPL PMU: hw unit of domain pp1-gpu 2^-14 Joules
 [   39.996963] Intel(R) Wireless WiFi driver for Linux
 [   39.996963] Copyright(c) 2003- 2015 Intel Corporation
 [   39.997031] iwlwifi 0000:01:00.0: enabling device (0000 -> 0002)
 [   40.048196] usbcore: registered new interface driver btusb
 [   40.056165] Bluetooth: hci0: Bootloader revision 0.0 build 26 week 38 2015
 [   40.059619] Bluetooth: hci0: Device revision is 16
 [   40.059619] Bluetooth: hci0: Secure boot is enabled
 [   40.059620] Bluetooth: hci0: OTP lock is enabled
 [   40.059620] Bluetooth: hci0: API lock is enabled
 [   40.059621] Bluetooth: hci0: Debug lock is disabled
 [   40.059621] Bluetooth: hci0: Minimum firmware build 1 week 10 2014
 [   40.111723] Bluetooth: hci0: Found device firmware: intel/ibt-12-16.sfi
 [   40.112803] iwlwifi 0000:01:00.0: Found debug destination: EXTERNAL_DRAM
 [   40.112805] iwlwifi 0000:01:00.0: Found debug configuration: 0
 [   40.113240] iwlwifi 0000:01:00.0: loaded firmware version 36.77d01142.0 op_mode iwlmvm
 [   40.115497] usbcore: registered new interface driver snd-usb-audio
 [   40.117243] videodev: Linux video capture interface: v2.00
 [   40.178488] uvcvideo: Found UVC 1.00 device HP Webcam HD 2300 (03f0:e207)
 [   40.179102] snd_hda_intel 0000:00:1f.3: DSP detected with PCI class/subclass/prog-if info 0x040380
 [   40.182929] snd_hda_intel 0000:00:1f.3: Digital mics found on Skylake+ platform, using SOF driver
 [   40.196931] input: HP Webcam HD 2300: HP Webcam HD as /devices/pci0000:00/0000:00:14.0/usb1/1-8/1-8.4/1-8.4:1.0/input/input8
 [   40.197021] usbcore: registered new interface driver uvcvideo
 [   40.197022] USB Video Class driver (1.1.1)
 [   40.218328] iwlwifi 0000:01:00.0: Detected Intel(R) Dual Band Wireless AC 8265, REV=0x230
 [   40.221497] intel_rapl_common: Found RAPL domain package
 [   40.221498] intel_rapl_common: Found RAPL domain core
 [   40.221499] intel_rapl_common: Found RAPL domain uncore
 [   40.221499] intel_rapl_common: Found RAPL domain dram
 [   40.225688] iwlwifi 0000:01:00.0: Applying debug destination EXTERNAL_DRAM
 [   40.226021] iwlwifi 0000:01:00.0: Allocated 0x00400000 bytes for firmware monitor.
 [   40.277274] iwlwifi 0000:01:00.0: base HW address: 04:33:c2:6b:0a:71
 [   40.324253] sof-audio-pci 0000:00:1f.3: DSP detected with PCI class/subclass/prog-if info 0x040380
 [   40.329097] sof-audio-pci 0000:00:1f.3: Digital mics found on Skylake+ platform, using SOF driver
 [   40.329115] sof-audio-pci 0000:00:1f.3: enabling device (0000 -> 0002)
 [   40.329239] sof-audio-pci 0000:00:1f.3: warning: No matching ASoC machine driver found
 [   40.329244] sof-audio-pci 0000:00:1f.3: DSP detected with PCI class/subclass/prog-if 0x040380
 [   40.329343] sof-audio-pci 0000:00:1f.3: bound 0000:00:02.0 (ops i915_audio_component_bind_ops [i915])
 [   40.334544] sof-audio-pci 0000:00:1f.3: use msi interrupt mode
 [   40.352098] ieee80211 phy0: Selected rate control algorithm 'iwl-mvm-rs'
 [   40.352392] thermal thermal_zone2: failed to read out thermal zone (-61)
 [   40.363525] iwlwifi 0000:01:00.0 wlp1s0: renamed from wlan0
 [   40.371143] sof-audio-pci 0000:00:1f.3: hda codecs found, mask 5
 [   40.371144] sof-audio-pci 0000:00:1f.3: using HDA machine driver skl_hda_dsp_generic now
 [   40.395805] sof-audio-pci 0000:00:1f.3: unexpected ipc interrupt raised!
 [   40.395808] sof-audio-pci 0000:00:1f.3: error: no reply expected, received 0x0
 [   40.481668] sof-audio-pci 0000:00:1f.3: Firmware info: version 1:6:0-18fab
 [   40.481669] sof-audio-pci 0000:00:1f.3: Firmware: ABI 3:17:0 Kernel ABI 3:10:0
 [   40.481670] sof-audio-pci 0000:00:1f.3: warn: FW ABI is more recent than kernel
 [   40.482119] sof-audio-pci 0000:00:1f.3: firmware boot complete
 [   40.486600] skl_hda_dsp_generic skl_hda_dsp_generic: info: override FE DAI link iDisp1
 [   40.486601] skl_hda_dsp_generic skl_hda_dsp_generic: info: override FE DAI link iDisp2
 [   40.486602] skl_hda_dsp_generic skl_hda_dsp_generic: info: override FE DAI link iDisp3
 [   40.486602] skl_hda_dsp_generic skl_hda_dsp_generic: info: override FE DAI link Analog Playback and Capture
 [   40.486603] skl_hda_dsp_generic skl_hda_dsp_generic: info: override FE DAI link Digital Playback and Capture
 [   40.486604] skl_hda_dsp_generic skl_hda_dsp_generic: info: override FE DAI link dmic01
 [   40.486604] skl_hda_dsp_generic skl_hda_dsp_generic: info: override FE DAI link dmic16k
 [   40.487875] sof-audio-pci 0000:00:1f.3: Topology: ABI 3:17:0 Kernel ABI 3:10:0
 [   40.487876] sof-audio-pci 0000:00:1f.3: warn: topology ABI is more recent than kernel
 [   40.487880] sof-audio-pci 0000:00:1f.3: warning: widget type 7 name iDisp3 Tx not handled
 [   40.489214] sof-audio-pci 0000:00:1f.3: warning: widget type 0 name codec0_in not handled
 [   40.489216] sof-audio-pci 0000:00:1f.3: warning: widget type 7 name iDisp2 Tx not handled
 [   40.490316] sof-audio-pci 0000:00:1f.3: warning: widget type 0 name codec1_in not handled
 [   40.490318] sof-audio-pci 0000:00:1f.3: warning: widget type 7 name iDisp1 Tx not handled
 [   40.491096] sof-audio-pci 0000:00:1f.3: warning: widget type 1 name codec0_out not handled
 [   40.491098] sof-audio-pci 0000:00:1f.3: warning: widget type 7 name Analog CPU Playback not handled
 [   40.492112] sof-audio-pci 0000:00:1f.3: warning: widget type 1 name codec1_out not handled
 [   40.492114] sof-audio-pci 0000:00:1f.3: warning: widget type 7 name Digital CPU Playback not handled
 [   40.492115] sof-audio-pci 0000:00:1f.3: warning: widget type 0 name codec2_in not handled
 [   40.492116] sof-audio-pci 0000:00:1f.3: warning: widget type 7 name Alt Analog CPU Playback not handled
 [   40.492117] sof-audio-pci 0000:00:1f.3: warning: widget type 1 name codec2_out not handled
 [   40.492118] sof-audio-pci 0000:00:1f.3: warning: widget type 0 name Analog CPU Capture not handled
 [   40.493015] sof-audio-pci 0000:00:1f.3: warning: widget type 1 name iDisp1_out not handled
 [   40.493017] sof-audio-pci 0000:00:1f.3: warning: widget type 0 name Digital CPU Capture not handled
 [   40.493824] sof-audio-pci 0000:00:1f.3: warning: widget type 1 name iDisp2_out not handled
 [   40.493826] sof-audio-pci 0000:00:1f.3: warning: widget type 0 name Alt Analog CPU Capture not handled
 [   40.494655] sof-audio-pci 0000:00:1f.3: warning: widget type 1 name iDisp3_out not handled
 [   40.503037] sof-audio-pci 0000:00:1f.3: ASoC: Parent card not yet available, widget card binding deferred
 [   40.518845] snd_hda_codec_realtek ehdaudio0D0: autoconfig for ALC233: line_outs=1 (0x14/0x0/0x0/0x0/0x0) type:speaker
 [   40.518846] snd_hda_codec_realtek ehdaudio0D0:    speaker_outs=0 (0x0/0x0/0x0/0x0/0x0)
 [   40.518847] snd_hda_codec_realtek ehdaudio0D0:    hp_outs=1 (0x21/0x0/0x0/0x0/0x0)
 [   40.518848] snd_hda_codec_realtek ehdaudio0D0:    mono: mono_out=0x0
 [   40.518848] snd_hda_codec_realtek ehdaudio0D0:    inputs:
 [   40.518849] snd_hda_codec_realtek ehdaudio0D0:      Mic=0x1a
 [   40.518850] snd_hda_codec_realtek ehdaudio0D0:      Front Mic=0x19
 [   40.784907] snd_hda_codec_realtek ehdaudio0D0: ASoC: sink widget AIF1TX overwritten
 [   40.784911] snd_hda_codec_realtek ehdaudio0D0: ASoC: source widget AIF1RX overwritten
 [   40.784953] skl_hda_dsp_generic skl_hda_dsp_generic: intel-hdmi-hifi1 <-> iDisp1 Pin mapping ok
 [   40.784962] skl_hda_dsp_generic skl_hda_dsp_generic: intel-hdmi-hifi2 <-> iDisp2 Pin mapping ok
 [   40.784968] skl_hda_dsp_generic skl_hda_dsp_generic: intel-hdmi-hifi3 <-> iDisp3 Pin mapping ok
 [   40.784978] skl_hda_dsp_generic skl_hda_dsp_generic: Analog Codec DAI <-> Analog CPU DAI mapping ok
 [   40.784985] skl_hda_dsp_generic skl_hda_dsp_generic: Digital Codec DAI <-> Digital CPU DAI mapping ok
 [   40.784991] skl_hda_dsp_generic skl_hda_dsp_generic: dmic-hifi <-> DMIC01 Pin mapping ok
 [   40.784997] skl_hda_dsp_generic skl_hda_dsp_generic: dmic-hifi <-> DMIC16k Pin mapping ok
 [   40.785019] skl_hda_dsp_generic skl_hda_dsp_generic: snd-soc-dummy-dai <-> DMIC 6 mapping ok
 [   40.785037] skl_hda_dsp_generic skl_hda_dsp_generic: snd-soc-dummy-dai <-> DMIC16kHz 7 mapping ok
 [   40.785061] skl_hda_dsp_generic skl_hda_dsp_generic: snd-soc-dummy-dai <-> HDA Analog 0 mapping ok
 [   40.785087] skl_hda_dsp_generic skl_hda_dsp_generic: snd-soc-dummy-dai <-> HDA Digital 1 mapping ok
 [   40.785103] skl_hda_dsp_generic skl_hda_dsp_generic: snd-soc-dummy-dai <-> HDMI1 3 mapping ok
 [   40.785119] skl_hda_dsp_generic skl_hda_dsp_generic: snd-soc-dummy-dai <-> HDMI2 4 mapping ok
 [   40.785138] skl_hda_dsp_generic skl_hda_dsp_generic: snd-soc-dummy-dai <-> HDMI3 5 mapping ok
 [   40.785202] skl_hda_dsp_generic skl_hda_dsp_generic: ASoC: sink widget hifi3 overwritten
 [   40.785206] skl_hda_dsp_generic skl_hda_dsp_generic: ASoC: sink widget hifi2 overwritten
 [   40.785210] skl_hda_dsp_generic skl_hda_dsp_generic: ASoC: sink widget hifi1 overwritten
 [   40.785214] skl_hda_dsp_generic skl_hda_dsp_generic: ASoC: source widget Codec Output Pin1 overwritten
 [   40.785217] skl_hda_dsp_generic skl_hda_dsp_generic: ASoC: sink widget Codec Input Pin1 overwritten
 [   40.785221] skl_hda_dsp_generic skl_hda_dsp_generic: ASoC: sink widget Analog Codec Playback overwritten
 [   40.785226] skl_hda_dsp_generic skl_hda_dsp_generic: ASoC: sink widget Digital Codec Playback overwritten
 [   40.785230] skl_hda_dsp_generic skl_hda_dsp_generic: ASoC: sink widget Alt Analog Codec Playback overwritten
 [   40.785235] skl_hda_dsp_generic skl_hda_dsp_generic: ASoC: source widget Analog Codec Capture overwritten
 [   40.785240] skl_hda_dsp_generic skl_hda_dsp_generic: ASoC: source widget Digital Codec Capture overwritten
 [   40.785244] skl_hda_dsp_generic skl_hda_dsp_generic: ASoC: source widget Alt Analog Codec Capture overwritten
 [   40.796128] input: sof-hda-dsp Mic as /devices/pci0000:00/0000:00:1f.3/skl_hda_dsp_generic/sound/card0/input9
 [   40.796164] input: sof-hda-dsp Front Mic as /devices/pci0000:00/0000:00:1f.3/skl_hda_dsp_generic/sound/card0/input10
 [   40.796195] input: sof-hda-dsp Front Headphone as /devices/pci0000:00/0000:00:1f.3/skl_hda_dsp_generic/sound/card0/input11
 [   40.796225] input: sof-hda-dsp HDMI/DP,pcm=3 as /devices/pci0000:00/0000:00:1f.3/skl_hda_dsp_generic/sound/card0/input12
 [   40.796259] input: sof-hda-dsp HDMI/DP,pcm=4 as /devices/pci0000:00/0000:00:1f.3/skl_hda_dsp_generic/sound/card0/input13
 [   40.796289] input: sof-hda-dsp HDMI/DP,pcm=5 as /devices/pci0000:00/0000:00:1f.3/skl_hda_dsp_generic/sound/card0/input14
 [   40.856948] alua: device handler registered
 [   40.857813] emc: device handler registered
 [   40.861364] rdac: device handler registered
 [   41.239951] audit: type=1400 audit(1647199145.541:2): apparmor="STATUS" operation="profile_load" profile="unconfined" name="snap-update-ns.lxd" pid=1849 comm="apparmor_parser"
 [   41.240564] audit: type=1400 audit(1647199145.545:3): apparmor="STATUS" operation="profile_load" profile="unconfined" name="snap-update-ns.subiquity" pid=1850 comm="apparmor_parser"
 [   41.253201] audit: type=1400 audit(1647199145.557:4): apparmor="STATUS" operation="profile_load" profile="unconfined" name="snap.lxd.activate" pid=1851 comm="apparmor_parser"
 [   41.254109] audit: type=1400 audit(1647199145.557:5): apparmor="STATUS" operation="profile_load" profile="unconfined" name="snap.lxd.buginfo" pid=1853 comm="apparmor_parser"
 [   41.254989] audit: type=1400 audit(1647199145.557:6): apparmor="STATUS" operation="profile_load" profile="unconfined" name="snap.lxd.benchmark" pid=1852 comm="apparmor_parser"
 [   41.255822] audit: type=1400 audit(1647199145.557:7): apparmor="STATUS" operation="profile_load" profile="unconfined" name="snap.lxd.check-kernel" pid=1854 comm="apparmor_parser"
 [   41.258020] audit: type=1400 audit(1647199145.561:8): apparmor="STATUS" operation="profile_load" profile="unconfined" name="snap.lxd.daemon" pid=1855 comm="apparmor_parser"
 [   41.265445] audit: type=1400 audit(1647199145.569:9): apparmor="STATUS" operation="profile_load" profile="unconfined" name="/snap/snapd/12704/usr/lib/snapd/snap-confine" pid=1848 comm="apparmor_parser"
 [   41.265447] audit: type=1400 audit(1647199145.569:10): apparmor="STATUS" operation="profile_load" profile="unconfined" name="/snap/snapd/12704/usr/lib/snapd/snap-confine//mount-namespace-capture-helper" pid=1848 comm="apparmor_parser"
 [   41.271948] audit: type=1400 audit(1647199145.573:11): apparmor="STATUS" operation="profile_load" profile="unconfined" name="snap.lxd.hook.remove" pid=1858 comm="apparmor_parser"
 [   41.654672] Bluetooth: hci0: Waiting for firmware download to complete
 [   41.655392] Bluetooth: hci0: Firmware loaded in 1568608 usecs
 [   41.655490] Bluetooth: hci0: Waiting for device to boot
 [   41.667392] Bluetooth: hci0: Device booted in 11689 usecs
 [   41.670434] Bluetooth: hci0: Found Intel DDC parameters: intel/ibt-12-16.ddc
 [   41.673438] Bluetooth: hci0: Applying Intel DDC parameters completed
 [   47.581092] e1000e: eno1 NIC Link is Up 100 Mbps Full Duplex, Flow Control: None
 [   47.581095] e1000e 0000:00:1f.6 eno1: 10/100 speed: disabling TSO
 [   47.581148] IPv6: ADDRCONF(NETDEV_CHANGE): eno1: link becomes ready
 [   48.465803] iwlwifi 0000:01:00.0: Applying debug destination EXTERNAL_DRAM
 [   48.597645] iwlwifi 0000:01:00.0: Applying debug destination EXTERNAL_DRAM
 [   48.662929] iwlwifi 0000:01:00.0: FW already configured (0) - re-configuring
 [   48.681114] iwlwifi 0000:01:00.0: BIOS contains WGDS but no WRDS
 [   48.681970] A link change request failed with some changes committed already. Interface wlp1s0 may have been left with an inconsistent configuration, please check.
 [ 8242.715993] show_signal_msg: 12 callbacks suppressed
 [ 8242.715998] python3[2247]: segfault at 7f2a5fd4e438 ip 00007f2a5fd4e438 sp 00007f2a45d71318 error 15 in libstdc++.so.6.0.25[7f2a5fd4c000+a000]
 [ 8242.716016] Code: 00 00 38 e4 d4 5f 2a 7f 00 00 20 f1 b0 5f 2a 7f 00 00 d0 d7 d4 5f 2a 7f 00 00 00 00 00 00 00 00 00 00 10 e4 d4 5f 2a 7f 00 00 <20> 69 a6 5f 2a 7f 00 00 40 69 a6 5f 2a 7f 00 00 80 6b a6 5f 2a 7f
Date: Sun Mar 13 21:35:52 2022
DistroRelease: Ubuntu 20.04
ExecutablePath: /snap/subiquity/2651/usr/bin/subiquity-server
InstallerServerLog:
 2022-03-13 21:35:48,432 INFO subiquity:102 Starting Subiquity server revision 2651
 2022-03-13 21:35:48,432 INFO subiquity:103 Arguments passed: ['/snap/subiquity/2651/usr/bin/subiquity-server']
 2022-03-13 21:35:48,433 DEBUG asyncio:54 Using selector: EpollSelector
 2022-03-13 21:35:48,434 DEBUG subiquitycore.prober:34 Prober() init finished, data:None
 2022-03-13 21:35:48,436 DEBUG curtin:89 Running command ['dpkg', '--print-architecture'] with allowed return codes [0] (capture=True)
 2022-03-13 21:35:48,442 DEBUG subiquitycore.netplan:111 config for zz-all-en = {'dhcp4': True, 'match': {'name': 'en*'}}
 2022-03-13 21:35:48,442 DEBUG subiquitycore.netplan:111 config for zz-all-eth = {'dhcp4': True, 'match': {'name': 'eth*'}}
 2022-03-13 21:35:48,447 DEBUG subiquitycore.utils:74 arun_command called: ['cloud-init', 'status', '--wait']
 2022-03-13 21:35:48,822 DEBUG curtin.reporting.start.subiquity/Meta/status_GET:45 start: subiquity/Meta/status_GET: 
 2022-03-13 21:35:48,823 DEBUG curtin.reporting.finish.subiquity/Meta/status_GET:45 finish: subiquity/Meta/status_GET: SUCCESS: 200 {"state": "CLOUD_INIT_WAIT", "confirming_tty": "", "error": null, "cloud_init...
 2022-03-13 21:35:48,823 INFO aiohttp.access:206  [13/Mar/2022:21:35:48 +0000] "GET /meta/status?cur=%22WAITING%22 HTTP/1.1" 200 425 "-" "Python/3.6 aiohttp/3.7.4.post0"
 2022-03-13 21:35:49,340 DEBUG subiquitycore.utils:83 arun_command ['cloud-init', 'status', '--wait'] exited with code 1
 2022-03-13 21:35:49,340 DEBUG subiquity.server.server:436 waited 0.8925395011901855s for cloud-init
 2022-03-13 21:35:49,341 DEBUG subiquity.server.server:456 cloud-init status: '\nstatus: error\n', assumed disabled
 2022-03-13 21:35:49,341 DEBUG subiquity.server.server:390 load_autoinstall_config only_early True
 2022-03-13 21:35:49,341 DEBUG subiquity.server.server:390 load_autoinstall_config only_early False
 2022-03-13 21:35:49,342 DEBUG subiquitycore.core:113 starting controllers
 2022-03-13 21:35:49,342 DEBUG subiquity.models.subiquity:162 model locale for postinstall is configured, to go {'identity', 'packages', 'snaplist', 'userdata', 'timezone', 'ssh'}
 2022-03-13 21:35:49,346 DEBUG probert.network:585 event for link_change: NEW {'ifindex': 1, 'flags': 65609, 'arptype': 772, 'family': 0, 'is_vlan': False, 'name': b'lo'}
 2022-03-13 21:35:49,346 DEBUG probert.network:585 event for link_change: NEW {'ifindex': 2, 'flags': 69699, 'arptype': 1, 'family': 0, 'is_vlan': False, 'name': b'eno1'}
 2022-03-13 21:35:49,346 DEBUG probert.network:585 event for link_change: NEW {'ifindex': 3, 'flags': 4099, 'arptype': 1, 'family': 0, 'is_vlan': False, 'name': b'wlp1s0'}
 2022-03-13 21:35:49,346 DEBUG probert.network:585 event for addr_change: NEW {'ifindex': 1, 'flags': 128, 'family': 2, 'scope': 254, 'local': b'127.0.0.1/8'}
 2022-03-13 21:35:49,346 DEBUG probert.network:585 event for addr_change: NEW {'ifindex': 2, 'flags': 0, 'family': 2, 'scope': 0, 'local': b'10.0.0.29/24'}
 2022-03-13 21:35:49,346 DEBUG probert.network:585 event for addr_change: NEW {'ifindex': 1, 'flags': 128, 'family': 10, 'scope': 254, 'local': b'::1'}
 2022-03-13 21:35:49,347 DEBUG probert.network:585 event for addr_change: NEW {'ifindex': 2, 'flags': 128, 'family': 10, 'scope': 253, 'local': b'fe80::fa75:a4ff:fe09:6043/64'}
 2022-03-13 21:35:49,347 DEBUG probert.network:672 link_change NEW {'ifindex': 1, 'flags': 65609, 'arptype': 772, 'family': 0, 'is_vlan': False, 'name': b'lo'}
 2022-03-13 21:35:49,408 DEBUG subiquitycore.models.network:421 new_link 1 lo lo
 2022-03-13 21:35:49,408 DEBUG subiquitycore.models.network:423 ignoring based on type
 2022-03-13 21:35:49,408 DEBUG probert.network:672 link_change NEW {'ifindex': 2, 'flags': 69699, 'arptype': 1, 'family': 0, 'is_vlan': False, 'name': b'eno1'}
 2022-03-13 21:35:49,467 DEBUG subiquitycore.models.network:421 new_link 2 eno1 eth
 2022-03-13 21:35:49,468 DEBUG subiquitycore.models.network:454 new_link 2 eno1 with config {'dhcp4': True}
 2022-03-13 21:35:49,468 DEBUG root:39 start: subiquity/Network/_send_update: NEW eno1
 2022-03-13 21:35:49,468 DEBUG subiquity.server.controllers.network:354 dev_info eno1 {'dhcp4': True}
 2022-03-13 21:35:49,468 DEBUG root:39 finish: subiquity/Network/_send_update: SUCCESS: NEW eno1
 2022-03-13 21:35:49,468 DEBUG probert.network:672 link_change NEW {'ifindex': 3, 'flags': 4099, 'arptype': 1, 'family': 0, 'is_vlan': False, 'name': b'wlp1s0'}
 2022-03-13 21:35:49,527 DEBUG subiquitycore.models.network:421 new_link 3 wlp1s0 wlan
 2022-03-13 21:35:49,528 DEBUG subiquitycore.models.network:454 new_link 3 wlp1s0 with config {}
 2022-03-13 21:35:49,528 DEBUG subiquity.server.controllers.network:118 maybe_start_install_wpasupplicant
 2022-03-13 21:35:49,528 DEBUG probert.network:717 addr_change NEW {'ifindex': 1, 'flags': 128, 'family': 2, 'scope': 254, 'local': b'127.0.0.1/8'}
 2022-03-13 21:35:49,528 DEBUG probert.network:717 addr_change NEW {'ifindex': 2, 'flags': 0, 'family': 2, 'scope': 0, 'local': b'10.0.0.29/24'}
 2022-03-13 21:35:49,528 DEBUG root:39 start: subiquity/Network/_send_update: CHANGE eno1
 2022-03-13 21:35:49,528 DEBUG subiquity.server.controllers.network:354 dev_info eno1 {'dhcp4': True}
 2022-03-13 21:35:49,528 DEBUG root:39 finish: subiquity/Network/_send_update: SUCCESS: CHANGE eno1
 2022-03-13 21:35:49,528 DEBUG probert.network:717 addr_change NEW {'ifindex': 1, 'flags': 128, 'family': 10, 'scope': 254, 'local': b'::1'}
 2022-03-13 21:35:49,528 DEBUG probert.network:717 addr_change NEW {'ifindex': 2, 'flags': 128, 'family': 10, 'scope': 253, 'local': b'fe80::fa75:a4ff:fe09:6043/64'}
 2022-03-13 21:35:49,529 DEBUG root:39 start: subiquity/Network/_send_update: CHANGE eno1
 2022-03-13 21:35:49,529 DEBUG subiquity.server.controllers.network:354 dev_info eno1 {'dhcp4': True}
 2022-03-13 21:35:49,529 DEBUG root:39 finish: subiquity/Network/_send_update: SUCCESS: CHANGE eno1
 2022-03-13 21:35:49,529 DEBUG probert.network:731 route_change NEW {'family': 2, 'type': 1, 'table': 254, 'dst': b'default', 'ifindex': 2}
 2022-03-13 21:35:49,529 DEBUG subiquitycore.controller.network:93 default routes {2}
 2022-03-13 21:35:49,530 DEBUG probert.network:731 route_change NEW {'family': 2, 'type': 1, 'table': 254, 'dst': b'10.0.0.0/24', 'ifindex': 2}
 2022-03-13 21:35:49,530 DEBUG probert.network:731 route_change NEW {'family': 2, 'type': 1, 'table': 254, 'dst': b'10.0.0.138', 'ifindex': 2}
 2022-03-13 21:35:49,530 DEBUG probert.network:731 route_change NEW {'family': 2, 'type': 3, 'table': 255, 'dst': b'10.0.0.0', 'ifindex': 2}
 2022-03-13 21:35:49,530 DEBUG probert.network:731 route_change NEW {'family': 2, 'type': 2, 'table': 255, 'dst': b'10.0.0.29', 'ifindex': 2}
 2022-03-13 21:35:49,530 DEBUG probert.network:731 route_change NEW {'family': 2, 'type': 3, 'table': 255, 'dst': b'10.0.0.255', 'ifindex': 2}
 2022-03-13 21:35:49,530 DEBUG probert.network:731 route_change NEW {'family': 2, 'type': 3, 'table': 255, 'dst': b'127.0.0.0', 'ifindex': 1}
 2022-03-13 21:35:49,530 DEBUG probert.network:731 route_change NEW {'family': 2, 'type': 2, 'table': 255, 'dst': b'127.0.0.0/8', 'ifindex': 1}
 2022-03-13 21:35:49,530 DEBUG probert.network:731 route_change NEW {'family': 2, 'type': 2, 'table': 255, 'dst': b'127.0.0.1', 'ifindex': 1}
 2022-03-13 21:35:49,530 DEBUG probert.network:731 route_change NEW {'family': 2, 'type': 3, 'table': 255, 'dst': b'127.255.255.255', 'ifindex': 1}
 2022-03-13 21:35:49,530 DEBUG probert.network:731 route_change NEW {'family': 10, 'type': 1, 'table': 254, 'dst': b'::1', 'ifindex': 1}
 2022-03-13 21:35:49,530 DEBUG probert.network:731 route_change NEW {'family': 10, 'type': 1, 'table': 254, 'dst': b'fe80::/64', 'ifindex': 2}
 2022-03-13 21:35:49,530 DEBUG probert.network:731 route_change NEW {'family': 10, 'type': 2, 'table': 255, 'dst': b'::1', 'ifindex': 1}
 2022-03-13 21:35:49,530 DEBUG probert.network:731 route_change NEW {'family': 10, 'type': 2, 'table': 255, 'dst': b'fe80::fa75:a4ff:fe09:6043', 'ifindex': 2}
 2022-03-13 21:35:49,530 DEBUG probert.network:731 route_change NEW {'family': 10, 'type': 5, 'table': 255, 'dst': b'ff00::/8', 'ifindex': 2}
 2022-03-13 21:35:49,531 DEBUG probert.network:741 wlan_event {'cmd': 'NEW_INTERFACE', 'ifindex': 3, 'ssids': []}
 2022-03-13 21:35:49,532 DEBUG subiquitycore.core:116 controllers started
 2022-03-13 21:35:49,532 INFO root:39 start: subiquity/apply_autoinstall_config: 
 2022-03-13 21:35:49,533 DEBUG root:39 start: subiquity/Early/apply_autoinstall_config: 
 2022-03-13 21:35:49,533 DEBUG root:39 finish: subiquity/Early/apply_autoinstall_config: SUCCESS: 
 2022-03-13 21:35:49,533 DEBUG root:39 start: subiquity/Reporting/apply_autoinstall_config: 
 2022-03-13 21:35:49,533 DEBUG root:39 finish: subiquity/Reporting/apply_autoinstall_config: SUCCESS: 
 2022-03-13 21:35:49,534 DEBUG root:39 start: subiquity/Error/apply_autoinstall_config: 
 2022-03-13 21:35:49,534 DEBUG root:39 finish: subiquity/Error/apply_autoinstall_config: SUCCESS: 
 2022-03-13 21:35:49,534 DEBUG root:39 start: subiquity/Userdata/apply_autoinstall_config: 
 2022-03-13 21:35:49,534 DEBUG root:39 finish: subiquity/Userdata/apply_autoinstall_config: SUCCESS: 
 2022-03-13 21:35:49,534 DEBUG subiquity.models.subiquity:162 model userdata for postinstall is configured, to go {'identity', 'packages', 'snaplist', 'timezone', 'ssh'}
 2022-03-13 21:35:49,534 DEBUG root:39 start: subiquity/Package/apply_autoinstall_config: 
 2022-03-13 21:35:49,535 DEBUG root:39 finish: subiquity/Package/apply_autoinstall_config: SUCCESS: 
 2022-03-13 21:35:49,535 DEBUG subiquity.models.subiquity:162 model packages for postinstall is configured, to go {'ssh', 'identity', 'timezone', 'snaplist'}
 2022-03-13 21:35:49,535 DEBUG root:39 start: subiquity/Debconf/apply_autoinstall_config: 
 2022-03-13 21:35:49,535 DEBUG root:39 finish: subiquity/Debconf/apply_autoinstall_config: SUCCESS: 
 2022-03-13 21:35:49,535 DEBUG subiquity.models.subiquity:162 model debconf_selections for install is configured, to go {'mirror', 'kernel', 'proxy', 'keyboard', 'filesystem', 'network'}
 2022-03-13 21:35:49,535 DEBUG subiquity.server.server:384 apply_autoinstall_config: skipping Locale as interactive
 2022-03-13 21:35:49,535 DEBUG subiquity.server.server:384 apply_autoinstall_config: skipping Refresh as interactive
 2022-03-13 21:35:49,535 DEBUG root:39 start: subiquity/Kernel/apply_autoinstall_config: 
 2022-03-13 21:35:49,535 DEBUG root:39 finish: subiquity/Kernel/apply_autoinstall_config: SUCCESS: 
 2022-03-13 21:35:49,535 DEBUG subiquity.models.subiquity:162 model kernel for install is configured, to go {'mirror', 'proxy', 'keyboard', 'filesystem', 'network'}
 2022-03-13 21:35:49,536 DEBUG subiquity.server.server:384 apply_autoinstall_config: skipping Keyboard as interactive
 2022-03-13 21:35:49,536 DEBUG root:39 start: subiquity/Zdev/apply_autoinstall_config: 
 2022-03-13 21:35:49,536 DEBUG root:39 finish: subiquity/Zdev/apply_autoinstall_config: SUCCESS: 
 2022-03-13 21:35:49,536 DEBUG subiquity.server.server:384 apply_autoinstall_config: skipping Network as interactive
 2022-03-13 21:35:49,536 DEBUG subiquity.server.server:384 apply_autoinstall_config: skipping Proxy as interactive
 2022-03-13 21:35:49,536 DEBUG subiquity.server.server:384 apply_autoinstall_config: skipping Mirror as interactive
 2022-03-13 21:35:49,536 DEBUG subiquity.server.server:384 apply_autoinstall_config: skipping Filesystem as interactive
 2022-03-13 21:35:49,536 DEBUG subiquity.server.server:384 apply_autoinstall_config: skipping Identity as interactive
 2022-03-13 21:35:49,536 DEBUG subiquity.server.server:384 apply_autoinstall_config: skipping SSH as interactive
 2022-03-13 21:35:49,536 DEBUG subiquity.server.server:384 apply_autoinstall_config: skipping SnapList as interactive
 2022-03-13 21:35:49,536 DEBUG subiquity.server.server:384 apply_autoinstall_config: skipping TimeZone as interactive
 2022-03-13 21:35:49,536 DEBUG subiquity.server.server:384 apply_autoinstall_config: skipping Install as interactive
 2022-03-13 21:35:49,536 DEBUG subiquity.server.server:384 apply_autoinstall_config: skipping Updates as interactive
 2022-03-13 21:35:49,536 DEBUG root:39 start: subiquity/Late/apply_autoinstall_config: 
 2022-03-13 21:35:49,537 DEBUG root:39 finish: subiquity/Late/apply_autoinstall_config: SUCCESS: 
 2022-03-13 21:35:49,537 DEBUG subiquity.server.server:384 apply_autoinstall_config: skipping Reboot as interactive
 2022-03-13 21:35:49,537 INFO root:39 finish: subiquity/apply_autoinstall_config: SUCCESS: 
 2022-03-13 21:35:49,537 DEBUG root:39 start: subiquity/Refresh/configure_snapd: 
 2022-03-13 21:35:49,537 DEBUG root:39 start: subiquity/Refresh/configure_snapd/get_details: 
 2022-03-13 21:35:49,539 DEBUG root:39 start: subiquity/Refresh/check_for_update: 
 2022-03-13 21:35:49,540 DEBUG subiquity.server.controllers.network:151 checking if wpasupplicant is available
 2022-03-13 21:35:49,642 DEBUG urllib3.connectionpool:396 http://localhost:None "GET /v2/snaps/subiquity HTTP/1.1" 200 977
 2022-03-13 21:35:51,354 DEBUG subiquity.server.controllers.network:158 wpasupplicant already installed
 2022-03-13 21:35:51,357 DEBUG subiquity.server.controllers.network:142 wlan_support_install_finished WLANSupportInstallState.DONE
 2022-03-13 21:35:51,358 DEBUG root:39 start: subiquity/Network/_send_update: NEW wlp1s0
 2022-03-13 21:35:51,358 DEBUG subiquity.server.controllers.network:354 dev_info wlp1s0 {}
 2022-03-13 21:35:51,358 DEBUG root:39 finish: subiquity/Network/_send_update: SUCCESS: NEW wlp1s0
 2022-03-13 21:35:51,362 DEBUG root:39 start: subiquity/Install/install: 
 2022-03-13 21:35:51,363 DEBUG subiquitycore.utils:48 run_command called: ['udevadm', 'settle', '-t', '0']
 2022-03-13 21:35:51,368 DEBUG subiquitycore.utils:61 run_command ['udevadm', 'settle', '-t', '0'] exited with code 0
 2022-03-13 21:35:51,368 DEBUG probert.network:741 wlan_event {'cmd': 'TRIGGER_SCAN', 'ifindex': 3}
 2022-03-13 21:35:51,369 DEBUG subiquity.server.controllers.snaplist:59 loading list of snaps
 2022-03-13 21:35:51,370 DEBUG urllib3.connectionpool:826 Starting new HTTPS connection (1): geoip.ubuntu.com
 2022-03-13 21:35:51,371 DEBUG root:39 start: subiquity/Filesystem/_probe: 
 2022-03-13 21:35:51,371 DEBUG subiquitycore.utils:48 run_command called: ['udevadm', 'settle', '-t', '0']
 2022-03-13 21:35:51,376 DEBUG subiquitycore.utils:61 run_command ['udevadm', 'settle', '-t', '0'] exited with code 0
 2022-03-13 21:35:51,377 DEBUG probert.network:741 wlan_event {'cmd': 'NEW_SCAN_RESULTS', 'ifindex': 3, 'ssids': [(b'Le-jen-admin_RPT', 'no status'), (b'Le-jen-admin', 'no status'), (b'Le-js-ja-pu-tpli', 'no status')]}
 2022-03-13 21:35:51,377 DEBUG subiquitycore.utils:48 run_command called: ['udevadm', 'settle', '-t', '0']
 2022-03-13 21:35:51,382 DEBUG subiquitycore.utils:61 run_command ['udevadm', 'settle', '-t', '0'] exited with code 0
 2022-03-13 21:35:51,382 DEBUG probert.network:585 event for link_change: CHANGE {'ifindex': 3, 'flags': 4099, 'arptype': 1, 'family': 0, 'is_vlan': False, 'name': b'wlp1s0'}
 2022-03-13 21:35:51,382 DEBUG probert.network:672 link_change CHANGE {'ifindex': 3, 'flags': 4099, 'arptype': 1, 'family': 0, 'is_vlan': False, 'name': b'wlp1s0'}
 2022-03-13 21:35:51,382 DEBUG root:39 start: subiquity/Network/_send_update: CHANGE wlp1s0
 2022-03-13 21:35:51,382 DEBUG subiquity.server.controllers.network:354 dev_info wlp1s0 {}
 2022-03-13 21:35:51,383 DEBUG root:39 finish: subiquity/Network/_send_update: SUCCESS: CHANGE wlp1s0
 2022-03-13 21:35:51,383 DEBUG root:39 finish: subiquity/Refresh/configure_snapd/get_details: SUCCESS: current version of snap is: '21.08.2'
 2022-03-13 21:35:51,383 DEBUG root:39 start: subiquity/Refresh/configure_snapd/switching: switching subiquity to stable/ubuntu-20.04.3
 2022-03-13 21:35:51,386 DEBUG root:39 start: subiquity/Refresh/check_for_update: 
 2022-03-13 21:35:51,386 DEBUG root:39 start: subiquity/SnapList/loader: 
 2022-03-13 21:35:51,386 DEBUG root:39 start: subiquity/Filesystem/_probe/probe_once: restricted=False
 2022-03-13 21:35:51,389 ERROR root:39 finish: subiquity/Refresh/check_for_update: FAIL: cancelled
 2022-03-13 21:35:51,389 DEBUG root:39 start: subiquity/SnapList/loader/list: 
 2022-03-13 21:35:51,403 DEBUG urllib3.connectionpool:396 http://localhost:None "POST /v2/snaps/subiquity HTTP/1.1" 202 81
 2022-03-13 21:35:51,437 DEBUG urllib3.connectionpool:396 http://localhost:None "GET /v2/changes/7 HTTP/1.1" 200 515
 2022-03-13 21:35:51,438 DEBUG root:39 finish: subiquity/Refresh/configure_snapd/switching: SUCCESS: switched to stable/ubuntu-20.04.3
 2022-03-13 21:35:51,438 DEBUG root:39 finish: subiquity/Refresh/configure_snapd: SUCCESS: 
 2022-03-13 21:35:51,526 DEBUG probert.multipath:49 Extracted multipath paths fields: ['sda', '1948256E38DD', '[orphan]', '[undef]', 'ata-1.00', '[undef]', '[undef]', '[undef]']
 2022-03-13 21:35:52,192 DEBUG probert.dasd:131 Probing DASD devies
 2022-03-13 21:35:52,192 DEBUG probert.dasd:134 DASD devices only present on s390x, arch=x86_64
 2022-03-13 21:35:52,198 DEBUG curtin:1294 Extracting storage config from probe data
 2022-03-13 21:35:52,198 DEBUG curtin:73 /dev/sdb is multipath device member? False
 2022-03-13 21:35:52,198 DEBUG curtin:86 /dev/sdb is multipath device partition? False
 2022-03-13 21:35:52,198 DEBUG curtin:61 /dev/sdb is multipath device? False
 2022-03-13 21:35:52,198 DEBUG curtin:86 /dev/sdb is multipath device partition? False
 2022-03-13 21:35:52,198 DEBUG curtin:61 /dev/sdb is multipath device? False
 2022-03-13 21:35:52,210 DEBUG curtin:73 /dev/sdb1 is multipath device member? False
 2022-03-13 21:35:52,210 DEBUG curtin:86 /dev/sdb1 is multipath device partition? False
 2022-03-13 21:35:52,210 DEBUG curtin:61 /dev/sdb1 is multipath device? False
 2022-03-13 21:35:52,210 DEBUG curtin:86 /dev/sdb1 is multipath device partition? False
 2022-03-13 21:35:52,210 DEBUG curtin:86 /dev/sdb1 is multipath device partition? False
 2022-03-13 21:35:52,219 DEBUG curtin:73 /dev/sdb2 is multipath device member? False
 2022-03-13 21:35:52,219 DEBUG curtin:86 /dev/sdb2 is multipath device partition? False
 2022-03-13 21:35:52,219 DEBUG curtin:61 /dev/sdb2 is multipath device? False
 2022-03-13 21:35:52,220 DEBUG curtin:86 /dev/sdb2 is multipath device partition? False
