00000000-00000000 : Reserved
00000000-00000000 : System RAM
00000000-00000000 : Reserved
  00000000-00000000 : PCI Bus 0000:00
  00000000-00000000 : PCI Bus 0000:00
  00000000-00000000 : PCI Bus 0000:00
  00000000-00000000 : PCI Bus 0000:00
  00000000-00000000 : PCI Bus 0000:00
  00000000-00000000 : System ROM
00000000-00000000 : System RAM
00000000-00000000 : System RAM
00000000-00000000 : System RAM
00000000-00000000 : Reserved
00000000-00000000 : System RAM
00000000-00000000 : Reserved
00000000-00000000 : System RAM
00000000-00000000 : Reserved
00000000-00000000 : System RAM
00000000-00000000 : Reserved
00000000-00000000 : ACPI Tables
00000000-00000000 : ACPI Non-volatile Storage
00000000-00000000 : Reserved
00000000-00000000 : System RAM
00000000-00000000 : Reserved
  00000000-00000000 : Graphics Stolen Memory
00000000-00000000 : PCI Bus 0000:00
  00000000-00000000 : 0000:00:02.0
  00000000-00000000 : 0000:00:02.0
  00000000-00000000 : 0000:00:1f.3
    00000000-00000000 : Audio DSP
  00000000-00000000 : PCI Bus 0000:01
    00000000-00000000 : 0000:01:00.0
      00000000-00000000 : iwlwifi
  00000000-00000000 : 0000:00:1f.6
    00000000-00000000 : e1000e
  00000000-00000000 : 0000:00:14.0
    00000000-00000000 : xhci-hcd
  00000000-00000000 : 0000:00:1f.3
    00000000-00000000 : Audio DSP
  00000000-00000000 : 0000:00:17.0
    00000000-00000000 : ahci
  00000000-00000000 : 0000:00:14.2
  00000000-00000000 : 0000:00:1f.4
  00000000-00000000 : 0000:00:17.0
    00000000-00000000 : ahci
  00000000-00000000 : 0000:00:17.0
    00000000-00000000 : ahci
  00000000-00000000 : 0000:00:16.0
    00000000-00000000 : mei_me
  00000000-00000000 : 0000:00:14.2
  00000000-00000000 : 0000:00:08.0
00000000-00000000 : PCI MMCONFIG 0000 [bus 00-7f]
  00000000-00000000 : Reserved
    00000000-00000000 : pnp 00:05
00000000-00000000 : PCI Bus 0000:00
  00000000-00000000 : pnp 00:06
  00000000-00000000 : pnp 00:08
  00000000-00000000 : pnp 00:08
  00000000-00000000 : pnp 00:06
  00000000-00000000 : pnp 00:08
  00000000-00000000 : pnp 00:08
  00000000-00000000 : pnp 00:06
  00000000-00000000 : Reserved
    00000000-00000000 : 0000:00:1f.5
  00000000-00000000 : pnp 00:06
00000000-00000000 : Reserved
  00000000-00000000 : IOAPIC 0
00000000-00000000 : Reserved
  00000000-00000000 : HPET 0
    00000000-00000000 : PNP0103:00
00000000-00000000 : pnp 00:05
00000000-00000000 : pnp 00:05
00000000-00000000 : pnp 00:05
00000000-00000000 : pnp 00:05
00000000-00000000 : MSFT0101:00
  00000000-00000000 : MSFT0101:00 MSFT0101:00
00000000-00000000 : pnp 00:05
00000000-00000000 : dmar0
00000000-00000000 : dmar1
00000000-00000000 : Local APIC
  00000000-00000000 : Reserved
00000000-00000000 : Reserved
  00000000-00000000 : pnp 00:06
00000000-00000000 : System RAM
  00000000-00000000 : Kernel code
  00000000-00000000 : Kernel rodata
  00000000-00000000 : Kernel data
  00000000-00000000 : Kernel bss
00000000-00000000 : RAM buffer
